ℹ [3474/3477] Built ManuscriptCheck (16s)
info: ManuscriptCheck.lean:4:0: BorceaVariance.MainStatement : Prop
info: ManuscriptCheck.lean:7:0: BorceaVariance.Certificate.multiplyUp_sound {S : ℕ} (hS : 0 < S) {x y : ℝ} {X Y : ℚ} (hx : 0 ≤ x) (hy : 0 ≤ y)
  (hX : x ≤ ↑X) (hY : y ≤ ↑Y) : x * y ≤ ↑(BorceaVariance.Certificate.multiplyUp S X Y)
info: ManuscriptCheck.lean:9:0: BorceaVariance.Certificate.subtractDown_sound {S : ℕ} (hS : 0 < S) {u c : ℝ} {U C : ℚ} (hU : u ≤ ↑U) (hC0 : 0 ≤ C)
  (hC : ↑C ≤ c) : u - c ≤ ↑(U - BorceaVariance.Certificate.downward S C)
info: ManuscriptCheck.lean:11:0: BorceaVariance.Certificate.upperPower_sound {S : ℕ} (hS : 0 < S) {x : ℚ} (hx : 0 ≤ x) (n : ℕ) :
  ↑x ^ n ≤ ↑(BorceaVariance.Certificate.upperPower S x n)
info: ManuscriptCheck.lean:13:0: BorceaVariance.Certificate.upperSqrt_sound {S : ℕ} (hS : 0 < S) {x : ℚ} (hx : 0 ≤ x) :
  √↑x ≤ ↑(BorceaVariance.Certificate.upperSqrt S x)
info: ManuscriptCheck.lean:15:0: BorceaVariance.Certificate.upperHalfPower_sound {S : ℕ} (hS : 0 < S) {x : ℚ} (hx : 0 ≤ x) (n : ℕ) :
  ↑x ^ (↑n / 2) ≤ ↑(BorceaVariance.Certificate.upperHalfPower S x n)
info: ManuscriptCheck.lean:17:0: BorceaVariance.Certificate.taylor32_le_exp {x : ℚ} (hx : 0 ≤ x) : ↑(BorceaVariance.Certificate.taylor32 x) ≤ Real.exp ↑x
info: ManuscriptCheck.lean:19:0: BorceaVariance.Certificate.degreeChain_coverage (blocks : List BorceaVariance.Certificate.DegreeBlock) (lo hi : ℕ)
  (h : BorceaVariance.Certificate.degreeChain lo hi blocks = true) (n : ℕ) :
  lo ≤ n → n ≤ hi → ∃ b ∈ blocks, b.Contains n
info: ManuscriptCheck.lean:21:0: BorceaVariance.Certificate.Generated.degreeBlocks_count : BorceaVariance.Certificate.Generated.degreeBlocks.length = 72
info: ManuscriptCheck.lean:23:0: BorceaVariance.Certificate.Generated.degreeBlocks_chain :
  BorceaVariance.Certificate.degreeChain 4 100000 BorceaVariance.Certificate.Generated.degreeBlocks = true
info: ManuscriptCheck.lean:25:0: BorceaVariance.Certificate.Generated.degreeBlocks_no_overlap :
  List.Pairwise (fun a b => a.upper < b.lower) BorceaVariance.Certificate.Generated.degreeBlocks
info: ManuscriptCheck.lean:27:0: BorceaVariance.Certificate.Generated.degreeBlocks_coverage (n : ℕ) (hlo : 4 ≤ n) (hhi : n ≤ 100000) :
  ∃ b ∈ BorceaVariance.Certificate.Generated.degreeBlocks, b.Contains n
info: ManuscriptCheck.lean:29:0: BorceaVariance.Certificate.Interval.split_covers (I : BorceaVariance.Certificate.Interval) {x : ℝ} (hx : I.Contains x) :
  I.left.Contains x ∨ I.right.Contains x
info: ManuscriptCheck.lean:31:0: BorceaVariance.Certificate.Box.split_covers (B : BorceaVariance.Certificate.Box) (i : Fin 3)
  {x : BorceaVariance.Certificate.Point} (hx : B.Contains x) : (B.left i).Contains x ∨ (B.right i).Contains x
info: ManuscriptCheck.lean:33:0: BorceaVariance.Certificate.Tree.coverage (T : BorceaVariance.Certificate.Tree) (B : BorceaVariance.Certificate.Box)
  {x : BorceaVariance.Certificate.Point} (hx : B.Contains x) : BorceaVariance.Certificate.Tree.Covered B x T
info: ManuscriptCheck.lean:35:0: BorceaVariance.Certificate.Tree.exclusion (T : BorceaVariance.Certificate.Tree) (B : BorceaVariance.Certificate.Box)
  (admissible : BorceaVariance.Certificate.Point → Prop)
  (h :
    BorceaVariance.Certificate.Tree.AllLeaves
      (fun b x => ∀ (x : BorceaVariance.Certificate.Point), b.Contains x → ¬admissible x) B T)
  (x : BorceaVariance.Certificate.Point) : B.Contains x → ¬admissible x
info: ManuscriptCheck.lean:37:0: BorceaVariance.sigma2_nonneg (p : Polynomial ℂ) : 0 ≤ BorceaVariance.sigma2 p
info: ManuscriptCheck.lean:39:0: BorceaVariance.variance_nonneg (p : Polynomial ℂ) : 0 ≤ BorceaVariance.variance p
info: ManuscriptCheck.lean:41:0: BorceaVariance.sigma2_sq (p : Polynomial ℂ) : BorceaVariance.sigma2 p ^ 2 = BorceaVariance.variance p
info: ManuscriptCheck.lean:43:0: BorceaVariance.root_eq_centroid_of_variance_zero (p : Polynomial ℂ) (hn : 0 < p.natDegree)
  (hv : BorceaVariance.variance p = 0) {a : ℂ} (ha : a ∈ p.roots) : a = BorceaVariance.centroid p
info: ManuscriptCheck.lean:45:0: BorceaVariance.polynomial_of_variance_zero (p : Polynomial ℂ) (hn : 0 < p.natDegree)
  (hv : BorceaVariance.variance p = 0) :
  p = Polynomial.C p.leadingCoeff * (Polynomial.X - Polynomial.C (BorceaVariance.centroid p)) ^ p.natDegree
info: ManuscriptCheck.lean:47:0: BorceaVariance.zero_variance_main (p : Polynomial ℂ) (hn : 2 ≤ p.natDegree) (hv : BorceaVariance.variance p = 0) (a : ℂ)
  (ha : Polynomial.eval a p = 0) :
  ∃ z, Polynomial.eval z (Polynomial.derivative p) = 0 ∧ ‖a - z‖ ≤ BorceaVariance.sigma2 p
info: ManuscriptCheck.lean:49:0: BorceaVariance.sigma2_pos_of_counterexample (p : Polynomial ℂ) (hn : 2 ≤ p.natDegree) (a : ℂ)
  (ha : Polynomial.eval a p = 0)
  (hfar : ∀ (z : ℂ), Polynomial.eval z (Polynomial.derivative p) = 0 → BorceaVariance.sigma2 p < ‖a - z‖) :
  0 < BorceaVariance.sigma2 p
info: ManuscriptCheck.lean:51:0: BorceaVariance.centered_sum {m : ℕ} (hm : 0 < m) (q : Fin m → ℂ) : ∑ i, (q i - BorceaVariance.mean q) = 0
info: ManuscriptCheck.lean:53:0: BorceaVariance.sum_eq_card_mul_mean {m : ℕ} (hm : 0 < m) (q : Fin m → ℂ) : ∑ i, q i = ↑m * BorceaVariance.mean q
info: ManuscriptCheck.lean:55:0: BorceaVariance.sum_sq_eq_card_mul_secondMoment {m : ℕ} (hm : 0 < m) (q : Fin m → ℂ) :
  ∑ i, ‖q i‖ ^ 2 = ↑m * BorceaVariance.secondMoment q
info: ManuscriptCheck.lean:57:0: BorceaVariance.centered_variance_sum {m : ℕ} (hm : 0 < m) (q : Fin m → ℂ) :
  ∑ i, ‖q i - BorceaVariance.mean q‖ ^ 2 = ↑m * BorceaVariance.centeredVariance q
info: ManuscriptCheck.lean:59:0: BorceaVariance.centeredVariance_nonneg {m : ℕ} (hm : 0 < m) (q : Fin m → ℂ) : 0 ≤ BorceaVariance.centeredVariance q
info: ManuscriptCheck.lean:61:0: BorceaVariance.weighted_complex_cauchy.{u_1} {ι : Type u_1} (s : Finset ι) (w : ι → ℝ) (f g : ι → ℂ)
  (hw : ∀ i ∈ s, 0 ≤ w i) : ‖∑ i ∈ s, ↑(w i) * f i * g i‖ ^ 2 ≤ (∑ i ∈ s, w i * ‖f i‖ ^ 2) * ∑ i ∈ s, w i * ‖g i‖ ^ 2
info: ManuscriptCheck.lean:63:0: BorceaVariance.complex_cauchy.{u_1} {ι : Type u_1} (s : Finset ι) (f g : ι → ℂ) :
  ‖∑ i ∈ s, f i * g i‖ ^ 2 ≤ (∑ i ∈ s, ‖f i‖ ^ 2) * ∑ i ∈ s, ‖g i‖ ^ 2
info: ManuscriptCheck.lean:65:0: BorceaVariance.chord_one {f : ℝ → ℝ} {l u : ℝ} (hl : 0 ≤ l) (hlu : l ≤ u) (hf : ConvexOn ℝ (Set.Icc l u) f)
  (hc : ContinuousOn f (Set.Icc l u)) :
  ∫ (t : ℝ) in l..u, t * f t ≤ (u - l) * (2 * l + u) / 6 * f l + (u - l) * (l + 2 * u) / 6 * f u
info: ManuscriptCheck.lean:67:0: BorceaVariance.chord_two {f : ℝ → ℝ} {l u : ℝ} (hl : 0 ≤ l) (hlu : l ≤ u) (hf : ConvexOn ℝ (Set.Icc l u) f)
  (hc : ContinuousOn f (Set.Icc l u)) :
  ∫ (t : ℝ) in l..u, t ^ 2 * f t ≤
    (u - l) * (3 * l ^ 2 + 2 * l * u + u ^ 2) / 12 * f l + (u - l) * (l ^ 2 + 2 * l * u + 3 * u ^ 2) / 12 * f u
info: ManuscriptCheck.lean:69:0: BorceaVariance.le_min_of_separate_bounds {I U V : ℝ} (hU : I ≤ U) (hV : I ≤ V) : I ≤ min U V
info: ManuscriptCheck.lean:71:0: BorceaVariance.one_sub_le_exp_neg (u : ℝ) : 1 - u ≤ Real.exp (-u)
info: ManuscriptCheck.lean:73:0: BorceaVariance.exp_ge_sixth {x : ℝ} (hx : 0 ≤ x) : x ^ 6 / 720 ≤ Real.exp x
info: ManuscriptCheck.lean:75:0: BorceaVariance.small_a_final_margin : 1 / 100 + 1 / 6 + 8 / 19 < 1
info: ManuscriptCheck.lean:77:0: BorceaVariance.away_table_margins :
  1 / 1000 + 3 / 4 + 5 * 1665 / 100000 < 1 ∧
    1 / 1000 + 19 / 20 + 5 * 170 / 100000 < 1 ∧
      1 / 1000 + 19 / 20 + 5 * 794 / 100000 = 9907 / 10000 ∧
        9907 / 10000 < 1 ∧ 1 / 1000 + 17 / 20 + 5 * 2500 / 100000 < 1
info: ManuscriptCheck.lean:79:0: BorceaVariance.central_B_value : 1 - 36 / 625 = 589 / 625
info: ManuscriptCheck.lean:81:0: BorceaVariance.near_final_rational_margin : 4 / 100000 + 128 / 300 + 20736 / 10 ^ 15 < 1 / 2
info: ManuscriptCheck.lean:83:0: BorceaVariance.exists_normalizing_scale (w : ℂ) (s : ℝ) (hs : 0 < s) : ∃ b r, b ≠ 0 ∧ 0 ≤ r ∧ ‖b‖ = s ∧ b * ↑r = w
info: ManuscriptCheck.lean:85:0: BorceaVariance.normalize_counterexample (p : Polynomial ℂ) (hn : 2 ≤ p.natDegree) (a : ℂ) (ha : Polynomial.eval a p = 0)
  (hfar : ∀ (z : ℂ), Polynomial.eval z (Polynomial.derivative p) = 0 → BorceaVariance.sigma2 p < ‖a - z‖) :
  Nonempty (BorceaVariance.NormalizedCounterexample p.natDegree)
info: ManuscriptCheck.lean:87:0: BorceaVariance.normalized_root_factorization {n : ℕ} (Cex : BorceaVariance.NormalizedCounterexample n) :
  ∃ s,
    s.card = n - 1 ∧
      Cex.polynomial.roots = ↑Cex.distinguished ::ₘ s ∧
        Cex.polynomial =
            (Polynomial.X - Polynomial.C ↑Cex.distinguished) *
              (Multiset.map (fun z => Polynomial.X - Polynomial.C z) s).prod ∧
          ↑Cex.distinguished + s.sum = 0 ∧ Cex.distinguished ^ 2 + (Multiset.map (fun z => ‖z‖ ^ 2) s).sum = ↑n
info: ManuscriptCheck.lean:89:0: BorceaVariance.eval_affinePullback (p : Polynomial ℂ) (b c z : ℂ) :
  Polynomial.eval z (BorceaVariance.affinePullback p b c) = Polynomial.eval (b * z + c) p
info: ManuscriptCheck.lean:91:0: BorceaVariance.natDegree_affinePullback (p : Polynomial ℂ) {b : ℂ} (hb : b ≠ 0) (c : ℂ) :
  (BorceaVariance.affinePullback p b c).natDegree = p.natDegree
info: ManuscriptCheck.lean:93:0: BorceaVariance.derivative_affinePullback (p : Polynomial ℂ) (b c : ℂ) :
  Polynomial.derivative (BorceaVariance.affinePullback p b c) =
    Polynomial.C b * BorceaVariance.affinePullback (Polynomial.derivative p) b c
info: ManuscriptCheck.lean:95:0: BorceaVariance.roots_affinePullback (p : Polynomial ℂ) {b : ℂ} (hb : b ≠ 0) (c : ℂ) :
  (BorceaVariance.affinePullback p b c).roots = Multiset.map (fun z => (z - c) / b) p.roots
info: ManuscriptCheck.lean:97:0: BorceaVariance.critical_roots_affinePullback (p : Polynomial ℂ) {b : ℂ} (hb : b ≠ 0) (c : ℂ) :
  (Polynomial.derivative (BorceaVariance.affinePullback p b c)).roots =
    Multiset.map (fun z => (z - c) / b) (Polynomial.derivative p).roots
info: ManuscriptCheck.lean:99:0: BorceaVariance.roots_card (p : Polynomial ℂ) : p.roots.card = p.natDegree
info: ManuscriptCheck.lean:101:0: BorceaVariance.multiset_sum_affine (s : Multiset ℂ) (b c : ℂ) :
  (Multiset.map (fun z => (z - c) / b) s).sum = (s.sum - ↑s.card * c) / b
info: ManuscriptCheck.lean:103:0: BorceaVariance.centroid_affinePullback (p : Polynomial ℂ) (hn : 0 < p.natDegree) {b : ℂ} (hb : b ≠ 0) (c : ℂ) :
  BorceaVariance.centroid (BorceaVariance.affinePullback p b c) = (BorceaVariance.centroid p - c) / b
info: ManuscriptCheck.lean:105:0: BorceaVariance.centroid_C_mul (p : Polynomial ℂ) {c : ℂ} (hc : c ≠ 0) :
  BorceaVariance.centroid (Polynomial.C c * p) = BorceaVariance.centroid p
info: ManuscriptCheck.lean:107:0: BorceaVariance.variance_C_mul (p : Polynomial ℂ) {c : ℂ} (hc : c ≠ 0) :
  BorceaVariance.variance (Polynomial.C c * p) = BorceaVariance.variance p
info: ManuscriptCheck.lean:109:0: BorceaVariance.sigma2_C_mul (p : Polynomial ℂ) {c : ℂ} (hc : c ≠ 0) :
  BorceaVariance.sigma2 (Polynomial.C c * p) = BorceaVariance.sigma2 p
info: ManuscriptCheck.lean:111:0: BorceaVariance.variance_affinePullback (p : Polynomial ℂ) (hn : 0 < p.natDegree) {b : ℂ} (hb : b ≠ 0) (c : ℂ) :
  BorceaVariance.variance (BorceaVariance.affinePullback p b c) = BorceaVariance.variance p / ‖b‖ ^ 2
info: ManuscriptCheck.lean:113:0: BorceaVariance.sigma2_affinePullback (p : Polynomial ℂ) (hn : 0 < p.natDegree) {b : ℂ} (hb : b ≠ 0) (c : ℂ) :
  BorceaVariance.sigma2 (BorceaVariance.affinePullback p b c) = BorceaVariance.sigma2 p / ‖b‖
info: ManuscriptCheck.lean:115:0: BorceaVariance.sharpPolynomial_degree {n : ℕ} (hn : 0 < n) : (BorceaVariance.sharpPolynomial n).natDegree = n
info: ManuscriptCheck.lean:117:0: BorceaVariance.sharpPolynomial_root_norm {n : ℕ} (hn : 0 < n) {z : ℂ}
  (hz : Polynomial.eval z (BorceaVariance.sharpPolynomial n) = 0) : ‖z‖ = 1
info: ManuscriptCheck.lean:119:0: BorceaVariance.sharpPolynomial_centroid {n : ℕ} (hn : 2 ≤ n) :
  BorceaVariance.centroid (BorceaVariance.sharpPolynomial n) = 0
info: ManuscriptCheck.lean:121:0: BorceaVariance.sharpPolynomial_sigma2 {n : ℕ} (hn : 2 ≤ n) :
  BorceaVariance.sigma2 (BorceaVariance.sharpPolynomial n) = 1
info: ManuscriptCheck.lean:123:0: BorceaVariance.sharpPolynomial_critical_iff {n : ℕ} (hn : 2 ≤ n) (z : ℂ) :
  Polynomial.eval z (Polynomial.derivative (BorceaVariance.sharpPolynomial n)) = 0 ↔ z = 0
info: ManuscriptCheck.lean:125:0: BorceaVariance.sharpness_family {n : ℕ} (hn : 2 ≤ n) :
  (BorceaVariance.sharpPolynomial n).natDegree = n ∧
    BorceaVariance.centroid (BorceaVariance.sharpPolynomial n) = 0 ∧
      BorceaVariance.sigma2 (BorceaVariance.sharpPolynomial n) = 1 ∧
        (∀ (z : ℂ), Polynomial.eval z (Polynomial.derivative (BorceaVariance.sharpPolynomial n)) = 0 ↔ z = 0) ∧
          ∀ (a : ℂ), Polynomial.eval a (BorceaVariance.sharpPolynomial n) = 0 → ‖a - 0‖ = 1
info: ManuscriptCheck.lean:127:0: BorceaVariance.constant_one_sharp {c : ℝ} (hc : c < 1) :
  ∃ p,
    2 ≤ p.natDegree ∧
      Polynomial.eval 1 p = 0 ∧
        ∀ (z : ℂ), Polynomial.eval z (Polynomial.derivative p) = 0 → c * BorceaVariance.sigma2 p < ‖1 - z‖
info: ManuscriptCheck.lean:129:0: BorceaVariance.quadratic_main (p : Polynomial ℂ) (hn : p.natDegree = 2) (a : ℂ) (ha : Polynomial.eval a p = 0) :
  ∃ z, Polynomial.eval z (Polynomial.derivative p) = 0 ∧ ‖a - z‖ ≤ BorceaVariance.sigma2 p
info: ManuscriptCheck.lean:131:0: BorceaVariance.bhatia_davis.{u_1} {ι : Type u_1} (s : Finset ι) (w x : ι → ℝ) {L U b : ℝ} (hw : ∀ i ∈ s, 0 ≤ w i)
  (hx : ∀ i ∈ s, L ≤ x i ∧ x i ≤ U) (hs : ∑ i ∈ s, w i = 1) (hb : ∑ i ∈ s, w i * x i = b) :
  ∑ i ∈ s, w i * (x i - b) ^ 2 ≤ (U - b) * (b - L)
ℹ [3476/3477] Built Audit (17s)
info: Audit.lean:32:0: 'QuadraticTangZhang.normSq_sub_coordinates' depends on axioms: [propext, Classical.choice, Quot.sound]
info: Audit.lean:33:0: 'QuadraticTangZhang.sum_normSq_sub' depends on axioms: [propext, Classical.choice, Quot.sound]
info: Audit.lean:34:0: 'QuadraticTangZhang.variance_identity' depends on axioms: [propext, Classical.choice, Quot.sound]
info: Audit.lean:35:0: 'QuadraticTangZhang.mean_sq_le_secondMoment' depends on axioms: [propext, Classical.choice, Quot.sound]
info: Audit.lean:36:0: 'QuadraticTangZhang.secondMoment_nonneg' depends on axioms: [propext, Classical.choice, Quot.sound]
info: Audit.lean:37:0: 'QuadraticTangZhang.meanRe_bounds' depends on axioms: [propext, Classical.choice, Quot.sound]
info: Audit.lean:38:0: 'QuadraticTangZhang.sum_centered_re' depends on axioms: [propext, Classical.choice, Quot.sound]
info: Audit.lean:39:0: 'QuadraticTangZhang.sum_centered_im' depends on axioms: [propext, Classical.choice, Quot.sound]
info: Audit.lean:40:0: 'QuadraticTangZhang.boundary_secondMoment' depends on axioms: [propext, Classical.choice, Quot.sound]
info: Audit.lean:41:0: 'QuadraticTangZhang.boundary_rigidity' depends on axioms: [propext, Classical.choice, Quot.sound]
info: Audit.lean:42:0: 'QuadraticTangZhang.boundary_equality_iff' depends on axioms: [propext, Classical.choice, Quot.sound]
info: Audit.lean:43:0: 'QuadraticTangZhang.affine_normSq' depends on axioms: [propext, Classical.choice, Quot.sound]
info: Audit.lean:44:0: 'QuadraticTangZhang.affine_secondMoment' depends on axioms: [propext, Classical.choice, Quot.sound]
info: Audit.lean:45:0: 'QuadraticTangZhang.criticalReciprocals_card' depends on axioms: [propext, Classical.choice, Quot.sound]
info: Audit.lean:46:0: 'QuadraticTangZhang.criticalReciprocals_ne_zero' depends on axioms: [propext, Classical.choice, Quot.sound]
info: Audit.lean:47:0: 'QuadraticTangZhang.criticalReciprocals_factorization' depends on axioms: [propext, Classical.choice, Quot.sound]
info: Audit.lean:48:0: 'QuadraticTangZhang.reciprocalEnergy_of_ne' depends on axioms: [propext, Classical.choice, Quot.sound]
info: Audit.lean:49:0: 'QuadraticTangZhang.ofReal_multiset_sum' depends on axioms: [propext, Classical.choice, Quot.sound]
info: Audit.lean:50:0: 'QuadraticTangZhang.criticalEnergy_eq_ofReal' depends on axioms: [propext, Classical.choice, Quot.sound]
info: Audit.lean:51:0: 'QuadraticTangZhang.reciprocal_sum_le_of_energy_le' depends on axioms: [propext, Classical.choice, Quot.sound]
info: Audit.lean:52:0: 'QuadraticTangZhang.multiset_variance_real' depends on axioms: [propext, Classical.choice, Quot.sound]
info: Audit.lean:53:0: 'QuadraticTangZhang.multiset_mean_sq_le' depends on axioms: [propext, Classical.choice, Quot.sound]
info: Audit.lean:54:0: 'QuadraticTangZhang.reciprocalEnergy_self' depends on axioms: [propext, Classical.choice, Quot.sound]
info: Audit.lean:55:0: 'QuadraticTangZhang.reciprocalEnergy_eq_top_iff' depends on axioms: [propext, Classical.choice, Quot.sound]
info: Audit.lean:56:0: 'QuadraticTangZhang.criticalEnergy_eq_top_of_mem' depends on axioms: [propext, Classical.choice, Quot.sound]
info: Audit.lean:57:0: 'QuadraticTangZhang.main_at_common_zero' depends on axioms: [propext, Classical.choice, Quot.sound]
info: Audit.lean:58:0: 'Sendov.prod_cons_eq' depends on axioms: [propext, Classical.choice, Quot.sound]
info: Audit.lean:59:0: 'Sendov.centroid_identity' depends on axioms: [propext, Classical.choice, Quot.sound]
info: Audit.lean:60:0: 'Sendov.sumEraseProd_zero' depends on axioms: [propext, Classical.choice, Quot.sound]
info: Audit.lean:61:0: 'Sendov.sumEraseProd_cons' depends on axioms: [propext, Classical.choice, Quot.sound]
info: Audit.lean:62:0: 'Sendov.prod_map_neg' depends on axioms: [propext, Classical.choice, Quot.sound]
info: Audit.lean:63:0: 'Sendov.eval_prod_zero' depends on axioms: [propext, Classical.choice, Quot.sound]
info: Audit.lean:64:0: 'Sendov.eval_deriv_prod_zero' depends on axioms: [propext, Classical.choice, Quot.sound]
info: Audit.lean:65:0: 'Sendov.prod_inv_sub_mul' depends on axioms: [propext, Classical.choice, Quot.sound]
info: Audit.lean:66:0: 'Sendov.second_origin_identity' depends on axioms: [propext, Classical.choice, Quot.sound]
info: Audit.lean:67:0: 'Sendov.continuous_deriv_seg' depends on axioms: [propext, Classical.choice, Quot.sound]
info: Audit.lean:68:0: 'Sendov.eval_eq_integral' depends on axioms: [propext, Classical.choice, Quot.sound]
info: Audit.lean:69:0: 'Sendov.first_origin_identity' depends on axioms: [propext, Classical.choice, Quot.sound]
info: Audit.lean:70:0: 'Sendov.prod_map_mul_const' depends on axioms: [propext, Classical.choice, Quot.sound]
info: Audit.lean:71:0: 'Sendov.prod_inv_mul' depends on axioms: [propext, Classical.choice, Quot.sound]
info: Audit.lean:72:0: 'Sendov.prod_sub_mul_prod' depends on axioms: [propext, Classical.choice, Quot.sound]
info: Audit.lean:73:0: 'Sendov.polar_identity' depends on axioms: [propext, Classical.choice, Quot.sound]
info: Audit.lean:74:0: 'Sendov.exists_root_multiset' depends on axioms: [propext, Classical.choice, Quot.sound]
info: Audit.lean:75:0: 'Sendov.exists_crit_multiset' depends on axioms: [propext, Classical.choice, Quot.sound]
info: Audit.lean:76:0: 'QuadraticTangZhang.weighted_product_split' depends on axioms: [propext, Classical.choice, Quot.sound]
info: Audit.lean:77:0: 'QuadraticTangZhang.centered_interpolation_polynomial' depends on axioms: [propext, Classical.choice, Quot.sound]
info: Audit.lean:78:0: 'QuadraticTangZhang.origin_derivative_polynomial' depends on axioms: [propext, Classical.choice, Quot.sound]
info: Audit.lean:79:0: 'QuadraticTangZhang.centered_sum_norm_sq' depends on axioms: [propext, Classical.choice, Quot.sound]
info: Audit.lean:80:0: 'QuadraticTangZhang.centered_remainder_general' depends on axioms: [propext, Classical.choice, Quot.sound]
info: Audit.lean:81:0: 'QuadraticTangZhang.norm_meanComplex_sq' depends on axioms: [propext, Classical.choice, Quot.sound]
info: Audit.lean:82:0: 'QuadraticTangZhang.sum_sub_meanComplex' depends on axioms: [propext, Classical.choice, Quot.sound]
info: Audit.lean:83:0: 'QuadraticTangZhang.centered_variance_sum' depends on axioms: [propext, Classical.choice, Quot.sound]
info: Audit.lean:84:0: 'QuadraticTangZhang.norm_meanComplex_le_one' depends on axioms: [propext, Classical.choice, Quot.sound]
info: Audit.lean:85:0: 'QuadraticTangZhang.one_sub_meanComplex_ne_zero' depends on axioms: [propext, Classical.choice, Quot.sound]
info: Audit.lean:86:0: 'QuadraticTangZhang.sum_origin_norm_sq' depends on axioms: [propext, Classical.choice, Quot.sound]
info: Audit.lean:87:0: 'QuadraticTangZhang.centered_remainder_estimate' depends on axioms: [propext, Classical.choice, Quot.sound]
info: Audit.lean:88:0: 'QuadraticTangZhang.prod_norm_sq_le_mean' depends on axioms: [propext, Classical.choice, Quot.sound]
info: Audit.lean:89:0: 'QuadraticTangZhang.norm_prod_le_moment' depends on axioms: [propext, Classical.choice, Quot.sound]
info: Audit.lean:90:0: 'QuadraticTangZhang.deleted_amgm_coefficient' depends on axioms: [propext, Classical.choice, Quot.sound]
info: Audit.lean:91:0: 'QuadraticTangZhang.norm_deleted_prod_le' depends on axioms: [propext, Classical.choice, Quot.sound]
info: Audit.lean:92:0: 'QuadraticTangZhang.exp_one_bounds' depends on axioms: [propext, Classical.choice, Quot.sound]
info: Audit.lean:93:0: 'QuadraticTangZhang.sqrt_exp_one_lt' depends on axioms: [propext, Classical.choice, Quot.sound]
info: Audit.lean:94:0: 'QuadraticTangZhang.log_million_bounds' depends on axioms: [propext, Classical.choice, Quot.sound]
info: Audit.lean:95:0: 'QuadraticTangZhang.log_three_eighths_million' depends on axioms: [propext, Classical.choice, Quot.sound]
info: Audit.lean:96:0: 'QuadraticTangZhang.log_fifty_thousand' depends on axioms: [propext, Classical.choice, Quot.sound]
info: Audit.lean:97:0: 'QuadraticTangZhang.near_coefficient_base' depends on axioms: [propext, Classical.choice, Quot.sound]
info: Audit.lean:98:0: 'QuadraticTangZhang.decreasing_coefficient_base' depends on axioms: [propext, Classical.choice, Quot.sound]
info: Audit.lean:99:0: 'QuadraticTangZhang.near_endpoint_coefficient_base' depends on axioms: [propext, Classical.choice, Quot.sound]
info: Audit.lean:100:0: 'QuadraticTangZhang.near_total_base' depends on axioms: [propext, Classical.choice, Quot.sound]
info: Audit.lean:101:0: 'QuadraticTangZhang.near_exponent_base' depends on axioms: [propext, Classical.choice, Quot.sound]
info: Audit.lean:102:0: 'QuadraticTangZhang.polar_log_exponent_base' depends on axioms: [propext, Classical.choice, Quot.sound]
info: Audit.lean:103:0: 'QuadraticTangZhang.small_alpha_base' depends on axioms: [propext, Classical.choice, Quot.sound]
info: Audit.lean:104:0: 'QuadraticTangZhang.large_alpha_base' depends on axioms: [propext, Classical.choice, Quot.sound]
info: Audit.lean:105:0: 'QuadraticTangZhang.sigma_base' depends on axioms: [propext, Classical.choice, Quot.sound]
info: Audit.lean:106:0: 'QuadraticTangZhang.degree_correction_base' depends on axioms: [propext, Classical.choice, Quot.sound]
info: Audit.lean:107:0: 'QuadraticTangZhang.small_a_power_base' depends on axioms: [propext, Classical.choice, Quot.sound]
info: Audit.lean:108:0: 'QuadraticTangZhang.small_a_increasing_coefficient' depends on axioms: [propext, Classical.choice, Quot.sound]
info: Audit.lean:109:0: 'QuadraticTangZhang.small_a_decreasing_coefficient' depends on axioms: [propext, Classical.choice, Quot.sound]
info: Audit.lean:110:0: 'QuadraticTangZhang.small_a_total' depends on axioms: [propext, Classical.choice, Quot.sound]
info: Audit.lean:111:0: 'QuadraticTangZhang.cube_root_base' depends on axioms: [propext, Classical.choice, Quot.sound]
info: Audit.lean:112:0: 'QuadraticTangZhang.large_a_correction_base' depends on axioms: [propext, Classical.choice, Quot.sound]
info: Audit.lean:113:0: 'QuadraticTangZhang.large_a_increasing_coefficient' depends on axioms: [propext, Classical.choice, Quot.sound]
info: Audit.lean:114:0: 'QuadraticTangZhang.large_a_total' depends on axioms: [propext, Classical.choice, Quot.sound]
info: Audit.lean:115:0: 'QuadraticTangZhang.boundary_gap_base' depends on axioms: [propext, Classical.choice, Quot.sound]
info: Audit.lean:116:0: 'Sendov.amgm_step' depends on axioms: [propext, Classical.choice, Quot.sound]
info: Audit.lean:117:0: 'Sendov.maclaurin_step' depends on axioms: [propext, Classical.choice, Quot.sound]
info: Audit.lean:118:0: 'Sendov.Multiset.prod_le_mean_pow' depends on axioms: [propext, Classical.choice, Quot.sound]
info: Audit.lean:119:0: 'Sendov.esymm_card_cons' depends on axioms: [propext, Classical.choice, Quot.sound]
info: Audit.lean:120:0: 'Sendov.Multiset.esymm_card_pred_le' depends on axioms: [propext, Classical.choice, Quot.sound]
info: Audit.lean:121:0: 'QuadraticTangZhang.beta_decomposition' depends on axioms: [propext, Classical.choice, Quot.sound]
info: Audit.lean:122:0: 'QuadraticTangZhang.betaS_le_beta' depends on axioms: [propext, Classical.choice, Quot.sound]
info: Audit.lean:123:0: 'QuadraticTangZhang.beta_one_pos' depends on axioms: [propext, Classical.choice, Quot.sound]
info: Audit.lean:124:0: 'QuadraticTangZhang.x_gt_half_of_beta_lt_one' depends on axioms: [propext, Classical.choice, Quot.sound]
info: Audit.lean:125:0: 'QuadraticTangZhang.rho_identity' depends on axioms: [propext, Classical.choice, Quot.sound]
info: Audit.lean:126:0: 'QuadraticTangZhang.rho_le_gap' depends on axioms: [propext, Classical.choice, Quot.sound]
info: Audit.lean:127:0: 'QuadraticTangZhang.rho_le_sq' depends on axioms: [propext, Classical.choice, Quot.sound]
info: Audit.lean:128:0: 'QuadraticTangZhang.betaS_endpoint' depends on axioms: [propext, Classical.choice, Quot.sound]
info: Audit.lean:129:0: 'QuadraticTangZhang.betaS_endpoint_le' depends on axioms: [propext, Classical.choice, Quot.sound]
info: Audit.lean:130:0: 'QuadraticTangZhang.polar_chord_gap' depends on axioms: [propext, Classical.choice, Quot.sound]
info: Audit.lean:131:0: 'QuadraticTangZhang.polar_le_chord' depends on axioms: [propext, Classical.choice, Quot.sound]
info: Audit.lean:132:0: 'QuadraticTangZhang.cubic_le_a' depends on axioms: [propext, Classical.choice, Quot.sound]
info: Audit.lean:133:0: 'QuadraticTangZhang.cubic_discriminant_identity' depends on axioms: [propext, Classical.choice, Quot.sound]
info: Audit.lean:134:0: 'QuadraticTangZhang.cubic_discriminant_nonneg' depends on axioms: [propext, Classical.choice, Quot.sound]
info: Audit.lean:135:0: 'QuadraticTangZhang.exclude_center_cubic' depends on axioms: [propext, Classical.choice, Quot.sound]
info: Audit.lean:136:0: 'QuadraticTangZhang.exclude_center_monotone' depends on axioms: [propext, Classical.choice, Quot.sound]
info: Audit.lean:137:0: 'QuadraticTangZhang.boundary_margin' depends on axioms: [propext, Classical.choice, Quot.sound]
info: Audit.lean:138:0: 'QuadraticTangZhang.exclude_center_boundary' depends on axioms: [propext, Classical.choice, Quot.sound]
info: Audit.lean:139:0: 'QuadraticTangZhang.exclude_direct' depends on axioms: [propext, Classical.choice, Quot.sound]
info: Audit.lean:140:0: 'QuadraticTangZhang.small_degree_factor_pos' depends on axioms: [propext, Classical.choice, Quot.sound]
info: Audit.lean:141:0: 'QuadraticTangZhang.small_degree_deficit_pos' depends on axioms: [propext, Classical.choice, Quot.sound]
info: Audit.lean:142:0: 'QuadraticTangZhang.boxEnvelope_nonneg' depends on axioms: [propext, Classical.choice, Quot.sound]
info: Audit.lean:143:0: 'QuadraticTangZhang.boxEnvelope_le_one' depends on axioms: [propext, Classical.choice, Quot.sound]
info: Audit.lean:144:0: 'QuadraticTangZhang.boxEnvelope_convex' depends on axioms: [propext, Classical.choice, Quot.sound]
info: Audit.lean:145:0: 'QuadraticTangZhang.boxEnvelope_rpow_convex' depends on axioms: [propext, Classical.choice, Quot.sound]
info: Audit.lean:146:0: 'QuadraticTangZhang.weighted_sq_div' depends on axioms: [propext, Classical.choice, Quot.sound]
info: Audit.lean:147:0: 'QuadraticTangZhang.convexOn_sq_div_affine' depends on axioms: [propext, Classical.choice, Quot.sound]
info: Audit.lean:148:0: 'QuadraticTangZhang.boxEnvelope_rpow_div_convex' depends on axioms: [propext, Classical.choice, Quot.sound]
info: Audit.lean:149:0: 'QuadraticTangZhang.convex_chord_bound' depends on axioms: [propext, Classical.choice, Quot.sound]
info: Audit.lean:150:0: 'QuadraticTangZhang.weighted_chord_integral' depends on axioms: [propext, Classical.choice, Quot.sound]
info: Audit.lean:151:0: 'QuadraticTangZhang.weighted_convex_integral_le_chord' depends on axioms: [propext, Classical.choice, Quot.sound]
info: Audit.lean:152:0: 'QuadraticTangZhang.convex_quadrature_weight_one' depends on axioms: [propext, Classical.choice, Quot.sound]
info: Audit.lean:153:0: 'QuadraticTangZhang.convex_quadrature_weight_two' depends on axioms: [propext, Classical.choice, Quot.sound]
info: Audit.lean:154:0: 'QuadraticTangZhang.degree_term_mono' depends on axioms: [propext, Classical.choice, Quot.sound]
info: Audit.lean:155:0: 'QuadraticTangZhang.abstract_rectangle_exclusion' depends on axioms: [propext, Classical.choice, Quot.sound]
info: Audit.lean:156:0: 'QuadraticTangZhang.abstract_rectangle_exclusion_basic' depends on axioms: [propext, Classical.choice, Quot.sound]
info: Audit.lean:157:0: 'QuadraticTangZhang.sum_eq_card_mul_mean' depends on axioms: [propext, Classical.choice, Quot.sound]
info: Audit.lean:158:0: 'QuadraticTangZhang.differential_origin_identity' depends on axioms: [propext, Classical.choice, Quot.sound]
info: Audit.lean:159:0: 'QuadraticTangZhang.originProduct_norm_le_beta' depends on axioms: [propext, Classical.choice, Quot.sound]
info: Audit.lean:160:0: 'QuadraticTangZhang.originErrorSum_norm_bound' depends on axioms: [propext, Classical.choice, Quot.sound]
info: Audit.lean:161:0: 'QuadraticTangZhang.originRemainder_norm_bound' depends on axioms: [propext, Classical.choice, Quot.sound]
info: Audit.lean:162:0: 'QuadraticTangZhang.direct_scalar_inequality' depends on axioms: [propext, Classical.choice, Quot.sound]
info: Audit.lean:163:0: 'QuadraticTangZhang.origin_gap_pos' depends on axioms: [propext, Classical.choice, Quot.sound]
info: Audit.lean:164:0: 'QuadraticTangZhang.beta_pos_on_unit' depends on axioms: [propext, Classical.choice, Quot.sound]
info: Audit.lean:165:0: 'QuadraticTangZhang.centerFactor_norm_lower' depends on axioms: [propext, Classical.choice, Quot.sound]
info: Audit.lean:166:0: 'QuadraticTangZhang.centerIntegral_integrable' depends on axioms: [propext, Classical.choice, Quot.sound]
info: Audit.lean:167:0: 'QuadraticTangZhang.centerIntegral_nonneg' depends on axioms: [propext, Classical.choice, Quot.sound]
info: Audit.lean:168:0: 'QuadraticTangZhang.centerCoefficient_nonneg' depends on axioms: [propext, Classical.choice, Quot.sound]
info: Audit.lean:169:0: 'QuadraticTangZhang.centerFactor_integral' depends on axioms: [propext, Classical.choice, Quot.sound]
info: Audit.lean:170:0: 'QuadraticTangZhang.centered_integral_remainder' depends on axioms: [propext, Classical.choice, Quot.sound]
info: Audit.lean:171:0: 'QuadraticTangZhang.norm_centerFactor_sq_le_beta' depends on axioms: [propext, Classical.choice, Quot.sound]
info: Audit.lean:172:0: 'QuadraticTangZhang.norm_pow_le_rpow_of_sq_le' depends on axioms: [propext, Classical.choice, Quot.sound]
info: Audit.lean:173:0: 'QuadraticTangZhang.centered_scalar_inequality' depends on axioms: [propext, Classical.choice, Quot.sound]
info: Audit.lean:174:0: 'QuadraticTangZhang.segment_quadrature_one' depends on axioms: [propext, Classical.choice, Quot.sound]
info: Audit.lean:175:0: 'QuadraticTangZhang.segment_quadrature_two' depends on axioms: [propext, Classical.choice, Quot.sound]
info: Audit.lean:176:0: 'QuadraticTangZhang.finite_quadrature_one_sound' depends on axioms: [propext, Classical.choice, Quot.sound]
info: Audit.lean:177:0: 'QuadraticTangZhang.finite_quadrature_two_sound' depends on axioms: [propext, Classical.choice, Quot.sound]
info: Audit.lean:178:0: 'QuadraticTangZhang.roundDown_nonneg' depends on axioms: [propext, Classical.choice, Quot.sound]
info: Audit.lean:179:0: 'QuadraticTangZhang.roundUp_nonneg' depends on axioms: [propext, Classical.choice, Quot.sound]
info: Audit.lean:180:0: 'QuadraticTangZhang.roundDown_le' depends on axioms: [propext, Classical.choice, Quot.sound]
info: Audit.lean:181:0: 'QuadraticTangZhang.le_roundUp' depends on axioms: [propext, Classical.choice, Quot.sound]
info: Audit.lean:182:0: 'QuadraticTangZhang.roundDown_cast_le' depends on axioms: [propext, Classical.choice, Quot.sound]
info: Audit.lean:183:0: 'QuadraticTangZhang.cast_le_roundUp' depends on axioms: [propext, Classical.choice, Quot.sound]
info: Audit.lean:184:0: 'QuadraticTangZhang.roundedPowLower_sound' depends on axioms: [propext, Classical.choice, Quot.sound]
info: Audit.lean:185:0: 'QuadraticTangZhang.roundedPowUpper_sound' depends on axioms: [propext, Classical.choice, Quot.sound]
info: Audit.lean:186:0: 'QuadraticTangZhang.roundedSqrtLower_nonneg' depends on axioms: [propext, Classical.choice, Quot.sound]
info: Audit.lean:187:0: 'QuadraticTangZhang.roundedSqrtUpper_nonneg' depends on axioms: [propext, Classical.choice, Quot.sound]
info: Audit.lean:188:0: 'QuadraticTangZhang.roundedSqrtLower_sq' depends on axioms: [propext, Classical.choice, Quot.sound]
info: Audit.lean:189:0: 'QuadraticTangZhang.le_roundedSqrtUpper_sq' depends on axioms: [propext, Classical.choice, Quot.sound]
info: Audit.lean:190:0: 'QuadraticTangZhang.roundedSqrt_sound' depends on axioms: [propext, Classical.choice, Quot.sound]
info: Audit.lean:191:0: 'QuadraticTangZhang.rpow_half_nat_even' depends on axioms: [propext, Classical.choice, Quot.sound]
info: Audit.lean:192:0: 'QuadraticTangZhang.rpow_half_nat_odd' depends on axioms: [propext, Classical.choice, Quot.sound]
info: Audit.lean:193:0: 'QuadraticTangZhang.halfPower_sound' depends on axioms: [propext, Classical.choice, Quot.sound]
info: Audit.lean:194:0: 'QuadraticTangZhang.integral_t_exp_neg_le' depends on axioms: [propext, Classical.choice, Quot.sound]
info: Audit.lean:195:0: 'QuadraticTangZhang.integral_sq_exp_neg_le' depends on axioms: [propext, Classical.choice, Quot.sound]
info: Audit.lean:196:0: 'QuadraticTangZhang.rpow_le_exp_gap' depends on axioms: [propext, Classical.choice, Quot.sound]
info: Audit.lean:197:0: 'QuadraticTangZhang.beta_power_split_bound' depends on axioms: [propext, Classical.choice, Quot.sound]
info: Audit.lean:198:0: 'QuadraticTangZhang.direct_integral_split_bound' depends on axioms: [propext, Classical.choice, Quot.sound]
info: Audit.lean:199:0: 'QuadraticTangZhang.affine_denominator_pos' depends on axioms: [propext, Classical.choice, Quot.sound]
info: Audit.lean:200:0: 'QuadraticTangZhang.envelope_quotient_continuous' depends on axioms: [propext, Classical.choice, Quot.sound]
info: Audit.lean:201:0: 'QuadraticTangZhang.uniform_integral_bounds' depends on axioms: [propext, Classical.choice, Quot.sound]
info: Audit.lean:202:0: 'QuadraticTangZhang.uniform_coefficient_bounds' depends on axioms: [propext, Classical.choice, Quot.sound]
info: Audit.lean:203:0: 'QuadraticTangZhang.uniform_endpoint_bound' depends on axioms: [propext, Classical.choice, Quot.sound]
info: Audit.lean:204:0: 'QuadraticTangZhang.beta_gap_form' depends on axioms: [propext, Classical.choice, Quot.sound]
info: Audit.lean:205:0: 'QuadraticTangZhang.denominator_gap_form' depends on axioms: [propext, Classical.choice, Quot.sound]
info: Audit.lean:206:0: 'QuadraticTangZhang.rpow_div_mono_pair' depends on axioms: [propext, Classical.choice, Quot.sound]
info: Audit.lean:207:0: 'QuadraticTangZhang.beta_quotient_gap_mono' depends on axioms: [propext, Classical.choice, Quot.sound]
info: Audit.lean:208:0: 'QuadraticTangZhang.rectangle_envelope_power_bound' depends on axioms: [propext, Classical.choice, Quot.sound]
info: Audit.lean:209:0: 'QuadraticTangZhang.rectangle_envelope_quotient_bound' depends on axioms: [propext, Classical.choice, Quot.sound]
info: Audit.lean:210:0: 'QuadraticTangZhang.polar_le_linear' depends on axioms: [propext, Classical.choice, Quot.sound]
info: Audit.lean:211:0: 'QuadraticTangZhang.polar_exponential' depends on axioms: [propext, Classical.choice, Quot.sound]
info: Audit.lean:212:0: 'QuadraticTangZhang.beta_rational_bound' depends on axioms: [propext, Classical.choice, Quot.sound]
info: Audit.lean:213:0: 'QuadraticTangZhang.beta_log_bound' depends on axioms: [propext, Classical.choice, Quot.sound]
info: Audit.lean:214:0: 'QuadraticTangZhang.prod_norm_le_exact_moment' depends on axioms: [propext, Classical.choice, Quot.sound]
info: Audit.lean:215:0: 'QuadraticTangZhang.exact_polar_inequality' depends on axioms: [propext, Classical.choice, Quot.sound]
info: Audit.lean:216:0: 'QuadraticTangZhang.polarQuadratic_nonneg' depends on axioms: [propext, Classical.choice, Quot.sound]
info: Audit.lean:217:0: 'QuadraticTangZhang.polarQuadratic_le_square' depends on axioms: [propext, Classical.choice, Quot.sound]
info: Audit.lean:218:0: 'QuadraticTangZhang.small_degree_polar_contradiction' depends on axioms: [propext, Classical.choice, Quot.sound]
info: Audit.lean:219:0: 'Sendov.norm_sub_le_norm_one_sub_mul' depends on axioms: [propext, Classical.choice, Quot.sound]
info: Audit.lean:220:0: 'Sendov.norm_multiset_prod' depends on axioms: [propext, Classical.choice, Quot.sound]
info: Audit.lean:221:0: 'Sendov.prod_map_le_of_le' depends on axioms: [propext, Classical.choice, Quot.sound]
info: Audit.lean:222:0: 'Sendov.norm_prod_map' depends on axioms: [propext, Classical.choice, Quot.sound]
info: Audit.lean:223:0: 'Sendov.prod_map_norm_nonneg' depends on axioms: [propext, Classical.choice, Quot.sound]
info: Audit.lean:224:0: 'Sendov.one_le_integral_prod_norm' depends on axioms: [propext, Classical.choice, Quot.sound]
info: Audit.lean:225:0: 'Sendov.norm_sq_add_real_mul' depends on axioms: [propext, Classical.choice, Quot.sound]
info: Audit.lean:226:0: 'Sendov.prod_map_sq' depends on axioms: [propext, Classical.choice, Quot.sound]
info: Audit.lean:227:0: 'Sendov.sum_norm_sq_split' depends on axioms: [propext, Classical.choice, Quot.sound]
info: Audit.lean:228:0: 'Sendov.sum_norm_sq_le_card' depends on axioms: [propext, Classical.choice, Quot.sound]
info: Audit.lean:229:0: 'Sendov.continuous_prod_norm' depends on axioms: [propext, Classical.choice, Quot.sound]
info: Audit.lean:230:0: 'QuadraticTangZhang.smallIntegral_mul' depends on axioms: [propext, Classical.choice, Quot.sound]
info: Audit.lean:231:0: 'QuadraticTangZhang.smallIntegral_one' depends on axioms: [propext, Classical.choice, Quot.sound]
info: Audit.lean:232:0: 'QuadraticTangZhang.smallIntegral_two' depends on axioms: [propext, Classical.choice, Quot.sound]
info: Audit.lean:233:0: 'QuadraticTangZhang.smallIntegral_three' depends on axioms: [propext, Classical.choice, Quot.sound]
info: Audit.lean:234:0: 'QuadraticTangZhang.smallIntegral_four' depends on axioms: [propext, Classical.choice, Quot.sound]
info: Audit.lean:235:0: 'QuadraticTangZhang.smallIntegral_lt_one' depends on axioms: [propext, Classical.choice, Quot.sound]
info: Audit.lean:236:0: 'Sendov.integral_exp_mul' depends on axioms: [propext, Classical.choice, Quot.sound]
info: Audit.lean:237:0: 'Sendov.integral_exp_eq' depends on axioms: [propext, Classical.choice, Quot.sound]
info: Audit.lean:238:0: 'Sendov.integral_exp_eq'' depends on axioms: [propext, Classical.choice, Quot.sound]
info: Audit.lean:239:0: 'Sendov.beta_lt_two' depends on axioms: [propext, Classical.choice, Quot.sound]
info: Audit.lean:240:0: 'Sendov.beta_le' depends on axioms: [propext, Classical.choice, Quot.sound]
info: Audit.lean:241:0: 'Sendov.log_le_alpha_mul' depends on axioms: [propext, Classical.choice, Quot.sound]
info: Audit.lean:242:0: 'Sendov.sinh_sq_le' depends on axioms: [propext, Classical.choice, Quot.sound]
info: Audit.lean:243:0: 'Sendov.sqrt_mul_sub_le' depends on axioms: [propext, Classical.choice, Quot.sound]
info: Audit.lean:244:0: 'Sendov.log_sinh_div_le' depends on axioms: [propext, Classical.choice, Quot.sound]
info: Audit.lean:245:0: 'Sendov.sinh_le_mul_exp' depends on axioms: [propext, Classical.choice, Quot.sound]
info: Audit.lean:246:0: 'QuadraticTangZhang.rho_pos_of_polar' depends on axioms: [propext, Classical.choice, Quot.sound]
info: Audit.lean:247:0: 'QuadraticTangZhang.chord_polar_bound' depends on axioms: [propext, Classical.choice, Quot.sound]
info: Audit.lean:248:0: 'QuadraticTangZhang.rho_log_lower_bound' depends on axioms: [propext, Classical.choice, Quot.sound]
info: Audit.lean:249:0: 'BorceaVariance.Certificate.multiplyUp_sound' depends on axioms: [propext, Classical.choice, Quot.sound]
info: Audit.lean:250:0: 'BorceaVariance.Certificate.subtractDown_sound' depends on axioms: [propext, Classical.choice, Quot.sound]
info: Audit.lean:251:0: 'BorceaVariance.Certificate.upperPower_sound' depends on axioms: [propext, Classical.choice, Quot.sound]
info: Audit.lean:252:0: 'BorceaVariance.Certificate.upperSqrt_sound' depends on axioms: [propext, Classical.choice, Quot.sound]
info: Audit.lean:253:0: 'BorceaVariance.Certificate.upperHalfPower_sound' depends on axioms: [propext, Classical.choice, Quot.sound]
info: Audit.lean:254:0: 'BorceaVariance.Certificate.taylor32_le_exp' depends on axioms: [propext, Classical.choice, Quot.sound]
info: Audit.lean:255:0: 'BorceaVariance.Certificate.degreeChain_coverage' depends on axioms: [propext, Classical.choice, Quot.sound]
info: Audit.lean:256:0: 'BorceaVariance.Certificate.Generated.degreeBlocks_count' does not depend on any axioms
info: Audit.lean:257:0: 'BorceaVariance.Certificate.Generated.degreeBlocks_chain' does not depend on any axioms
info: Audit.lean:258:0: 'BorceaVariance.Certificate.Generated.degreeBlocks_no_overlap' does not depend on any axioms
info: Audit.lean:259:0: 'BorceaVariance.Certificate.Generated.degreeBlocks_coverage' depends on axioms: [propext, Classical.choice, Quot.sound]
info: Audit.lean:260:0: 'BorceaVariance.Certificate.Interval.split_covers' depends on axioms: [propext, Classical.choice, Quot.sound]
info: Audit.lean:261:0: 'BorceaVariance.Certificate.Box.split_covers' depends on axioms: [propext, Classical.choice, Quot.sound]
info: Audit.lean:262:0: 'BorceaVariance.Certificate.Tree.coverage' depends on axioms: [propext, Classical.choice, Quot.sound]
info: Audit.lean:263:0: 'BorceaVariance.Certificate.Tree.exclusion' depends on axioms: [propext, Classical.choice, Quot.sound]
info: Audit.lean:264:0: 'BorceaVariance.sigma2_nonneg' depends on axioms: [propext, Classical.choice, Quot.sound]
info: Audit.lean:265:0: 'BorceaVariance.variance_nonneg' depends on axioms: [propext, Classical.choice, Quot.sound]
info: Audit.lean:266:0: 'BorceaVariance.sigma2_sq' depends on axioms: [propext, Classical.choice, Quot.sound]
info: Audit.lean:267:0: 'BorceaVariance.root_eq_centroid_of_variance_zero' depends on axioms: [propext, Classical.choice, Quot.sound]
info: Audit.lean:268:0: 'BorceaVariance.polynomial_of_variance_zero' depends on axioms: [propext, Classical.choice, Quot.sound]
info: Audit.lean:269:0: 'BorceaVariance.zero_variance_main' depends on axioms: [propext, Classical.choice, Quot.sound]
info: Audit.lean:270:0: 'BorceaVariance.sigma2_pos_of_counterexample' depends on axioms: [propext, Classical.choice, Quot.sound]
info: Audit.lean:271:0: 'BorceaVariance.centered_sum' depends on axioms: [propext, Classical.choice, Quot.sound]
info: Audit.lean:272:0: 'BorceaVariance.sum_eq_card_mul_mean' depends on axioms: [propext, Classical.choice, Quot.sound]
info: Audit.lean:273:0: 'BorceaVariance.sum_sq_eq_card_mul_secondMoment' depends on axioms: [propext, Classical.choice, Quot.sound]
info: Audit.lean:274:0: 'BorceaVariance.centered_variance_sum' depends on axioms: [propext, Classical.choice, Quot.sound]
info: Audit.lean:275:0: 'BorceaVariance.centeredVariance_nonneg' depends on axioms: [propext, Classical.choice, Quot.sound]
info: Audit.lean:276:0: 'BorceaVariance.weighted_complex_cauchy' depends on axioms: [propext, Classical.choice, Quot.sound]
info: Audit.lean:277:0: 'BorceaVariance.complex_cauchy' depends on axioms: [propext, Classical.choice, Quot.sound]
info: Audit.lean:278:0: 'BorceaVariance.chord_one' depends on axioms: [propext, Classical.choice, Quot.sound]
info: Audit.lean:279:0: 'BorceaVariance.chord_two' depends on axioms: [propext, Classical.choice, Quot.sound]
info: Audit.lean:280:0: 'BorceaVariance.le_min_of_separate_bounds' depends on axioms: [propext, Classical.choice, Quot.sound]
info: Audit.lean:281:0: 'BorceaVariance.one_sub_le_exp_neg' depends on axioms: [propext, Classical.choice, Quot.sound]
info: Audit.lean:282:0: 'BorceaVariance.exp_ge_sixth' depends on axioms: [propext, Classical.choice, Quot.sound]
info: Audit.lean:283:0: 'BorceaVariance.small_a_final_margin' depends on axioms: [propext, Classical.choice, Quot.sound]
info: Audit.lean:284:0: 'BorceaVariance.away_table_margins' depends on axioms: [propext, Classical.choice, Quot.sound]
info: Audit.lean:285:0: 'BorceaVariance.central_B_value' depends on axioms: [propext, Classical.choice, Quot.sound]
info: Audit.lean:286:0: 'BorceaVariance.near_final_rational_margin' depends on axioms: [propext, Classical.choice, Quot.sound]
info: Audit.lean:287:0: 'BorceaVariance.exists_normalizing_scale' depends on axioms: [propext, Classical.choice, Quot.sound]
info: Audit.lean:288:0: 'BorceaVariance.normalize_counterexample' depends on axioms: [propext, Classical.choice, Quot.sound]
info: Audit.lean:289:0: 'BorceaVariance.normalized_root_factorization' depends on axioms: [propext, Classical.choice, Quot.sound]
info: Audit.lean:290:0: 'BorceaVariance.eval_affinePullback' depends on axioms: [propext, Classical.choice, Quot.sound]
info: Audit.lean:291:0: 'BorceaVariance.natDegree_affinePullback' depends on axioms: [propext, Classical.choice, Quot.sound]
info: Audit.lean:292:0: 'BorceaVariance.derivative_affinePullback' depends on axioms: [propext, Classical.choice, Quot.sound]
info: Audit.lean:293:0: 'BorceaVariance.roots_affinePullback' depends on axioms: [propext, Classical.choice, Quot.sound]
info: Audit.lean:294:0: 'BorceaVariance.critical_roots_affinePullback' depends on axioms: [propext, Classical.choice, Quot.sound]
info: Audit.lean:295:0: 'BorceaVariance.roots_card' depends on axioms: [propext, Classical.choice, Quot.sound]
info: Audit.lean:296:0: 'BorceaVariance.multiset_sum_affine' depends on axioms: [propext, Classical.choice, Quot.sound]
info: Audit.lean:297:0: 'BorceaVariance.centroid_affinePullback' depends on axioms: [propext, Classical.choice, Quot.sound]
info: Audit.lean:298:0: 'BorceaVariance.centroid_C_mul' depends on axioms: [propext, Classical.choice, Quot.sound]
info: Audit.lean:299:0: 'BorceaVariance.variance_C_mul' depends on axioms: [propext, Classical.choice, Quot.sound]
info: Audit.lean:300:0: 'BorceaVariance.sigma2_C_mul' depends on axioms: [propext, Classical.choice, Quot.sound]
info: Audit.lean:301:0: 'BorceaVariance.variance_affinePullback' depends on axioms: [propext, Classical.choice, Quot.sound]
info: Audit.lean:302:0: 'BorceaVariance.sigma2_affinePullback' depends on axioms: [propext, Classical.choice, Quot.sound]
info: Audit.lean:303:0: 'BorceaVariance.sharpPolynomial_degree' depends on axioms: [propext, Classical.choice, Quot.sound]
info: Audit.lean:304:0: 'BorceaVariance.sharpPolynomial_root_norm' depends on axioms: [propext, Classical.choice, Quot.sound]
info: Audit.lean:305:0: 'BorceaVariance.sharpPolynomial_centroid' depends on axioms: [propext, Classical.choice, Quot.sound]
info: Audit.lean:306:0: 'BorceaVariance.sharpPolynomial_sigma2' depends on axioms: [propext, Classical.choice, Quot.sound]
info: Audit.lean:307:0: 'BorceaVariance.sharpPolynomial_critical_iff' depends on axioms: [propext, Classical.choice, Quot.sound]
info: Audit.lean:308:0: 'BorceaVariance.sharpness_family' depends on axioms: [propext, Classical.choice, Quot.sound]
info: Audit.lean:309:0: 'BorceaVariance.constant_one_sharp' depends on axioms: [propext, Classical.choice, Quot.sound]
info: Audit.lean:310:0: 'BorceaVariance.quadratic_main' depends on axioms: [propext, Classical.choice, Quot.sound]
info: Audit.lean:311:0: 'BorceaVariance.bhatia_davis' depends on axioms: [propext, Classical.choice, Quot.sound]
Build completed successfully (3477 jobs).
