Full lake build completed successfully (3567 jobs), including ManuscriptCheck and Audit.
The axiom output below was captured by a subsequent direct compilation of Audit.lean.
'QuadraticTangZhang.normSq_sub_coordinates' depends on axioms: [propext, Classical.choice, Quot.sound]
'QuadraticTangZhang.sum_normSq_sub' depends on axioms: [propext, Classical.choice, Quot.sound]
'QuadraticTangZhang.variance_identity' depends on axioms: [propext, Classical.choice, Quot.sound]
'QuadraticTangZhang.mean_sq_le_secondMoment' depends on axioms: [propext, Classical.choice, Quot.sound]
'QuadraticTangZhang.secondMoment_nonneg' depends on axioms: [propext, Classical.choice, Quot.sound]
'QuadraticTangZhang.meanRe_bounds' depends on axioms: [propext, Classical.choice, Quot.sound]
'QuadraticTangZhang.sum_centered_re' depends on axioms: [propext, Classical.choice, Quot.sound]
'QuadraticTangZhang.sum_centered_im' depends on axioms: [propext, Classical.choice, Quot.sound]
'QuadraticTangZhang.boundary_secondMoment' depends on axioms: [propext, Classical.choice, Quot.sound]
'QuadraticTangZhang.boundary_rigidity' depends on axioms: [propext, Classical.choice, Quot.sound]
'QuadraticTangZhang.boundary_equality_iff' depends on axioms: [propext, Classical.choice, Quot.sound]
'QuadraticTangZhang.affine_normSq' depends on axioms: [propext, Classical.choice, Quot.sound]
'QuadraticTangZhang.affine_secondMoment' depends on axioms: [propext, Classical.choice, Quot.sound]
'QuadraticTangZhang.criticalReciprocals_card' depends on axioms: [propext, Classical.choice, Quot.sound]
'QuadraticTangZhang.criticalReciprocals_ne_zero' depends on axioms: [propext, Classical.choice, Quot.sound]
'QuadraticTangZhang.criticalReciprocals_factorization' depends on axioms: [propext, Classical.choice, Quot.sound]
'QuadraticTangZhang.reciprocalEnergy_of_ne' depends on axioms: [propext, Classical.choice, Quot.sound]
'QuadraticTangZhang.ofReal_multiset_sum' depends on axioms: [propext, Classical.choice, Quot.sound]
'QuadraticTangZhang.criticalEnergy_eq_ofReal' depends on axioms: [propext, Classical.choice, Quot.sound]
'QuadraticTangZhang.reciprocal_sum_le_of_energy_le' depends on axioms: [propext, Classical.choice, Quot.sound]
'QuadraticTangZhang.multiset_variance_real' depends on axioms: [propext, Classical.choice, Quot.sound]
'QuadraticTangZhang.multiset_mean_sq_le' depends on axioms: [propext, Classical.choice, Quot.sound]
'QuadraticTangZhang.reciprocalEnergy_self' depends on axioms: [propext, Classical.choice, Quot.sound]
'QuadraticTangZhang.reciprocalEnergy_eq_top_iff' depends on axioms: [propext, Classical.choice, Quot.sound]
'QuadraticTangZhang.criticalEnergy_eq_top_of_mem' depends on axioms: [propext, Classical.choice, Quot.sound]
'QuadraticTangZhang.main_at_common_zero' depends on axioms: [propext, Classical.choice, Quot.sound]
'Sendov.prod_cons_eq' depends on axioms: [propext, Classical.choice, Quot.sound]
'Sendov.centroid_identity' depends on axioms: [propext, Classical.choice, Quot.sound]
'Sendov.sumEraseProd_zero' depends on axioms: [propext, Classical.choice, Quot.sound]
'Sendov.sumEraseProd_cons' depends on axioms: [propext, Classical.choice, Quot.sound]
'Sendov.prod_map_neg' depends on axioms: [propext, Classical.choice, Quot.sound]
'Sendov.eval_prod_zero' depends on axioms: [propext, Classical.choice, Quot.sound]
'Sendov.eval_deriv_prod_zero' depends on axioms: [propext, Classical.choice, Quot.sound]
'Sendov.prod_inv_sub_mul' depends on axioms: [propext, Classical.choice, Quot.sound]
'Sendov.second_origin_identity' depends on axioms: [propext, Classical.choice, Quot.sound]
'Sendov.continuous_deriv_seg' depends on axioms: [propext, Classical.choice, Quot.sound]
'Sendov.eval_eq_integral' depends on axioms: [propext, Classical.choice, Quot.sound]
'Sendov.first_origin_identity' depends on axioms: [propext, Classical.choice, Quot.sound]
'Sendov.prod_map_mul_const' depends on axioms: [propext, Classical.choice, Quot.sound]
'Sendov.prod_inv_mul' depends on axioms: [propext, Classical.choice, Quot.sound]
'Sendov.prod_sub_mul_prod' depends on axioms: [propext, Classical.choice, Quot.sound]
'Sendov.polar_identity' depends on axioms: [propext, Classical.choice, Quot.sound]
'Sendov.exists_root_multiset' depends on axioms: [propext, Classical.choice, Quot.sound]
'Sendov.exists_crit_multiset' depends on axioms: [propext, Classical.choice, Quot.sound]
'QuadraticTangZhang.weighted_product_split' depends on axioms: [propext, Classical.choice, Quot.sound]
'QuadraticTangZhang.centered_interpolation_polynomial' depends on axioms: [propext, Classical.choice, Quot.sound]
'QuadraticTangZhang.origin_derivative_polynomial' depends on axioms: [propext, Classical.choice, Quot.sound]
'QuadraticTangZhang.centered_sum_norm_sq' depends on axioms: [propext, Classical.choice, Quot.sound]
'QuadraticTangZhang.centered_remainder_general' depends on axioms: [propext, Classical.choice, Quot.sound]
'QuadraticTangZhang.norm_meanComplex_sq' depends on axioms: [propext, Classical.choice, Quot.sound]
'QuadraticTangZhang.sum_sub_meanComplex' depends on axioms: [propext, Classical.choice, Quot.sound]
'QuadraticTangZhang.centered_variance_sum' depends on axioms: [propext, Classical.choice, Quot.sound]
'QuadraticTangZhang.norm_meanComplex_le_one' depends on axioms: [propext, Classical.choice, Quot.sound]
'QuadraticTangZhang.one_sub_meanComplex_ne_zero' depends on axioms: [propext, Classical.choice, Quot.sound]
'QuadraticTangZhang.sum_origin_norm_sq' depends on axioms: [propext, Classical.choice, Quot.sound]
'QuadraticTangZhang.centered_remainder_estimate' depends on axioms: [propext, Classical.choice, Quot.sound]
'QuadraticTangZhang.prod_norm_sq_le_mean' depends on axioms: [propext, Classical.choice, Quot.sound]
'QuadraticTangZhang.norm_prod_le_moment' depends on axioms: [propext, Classical.choice, Quot.sound]
'QuadraticTangZhang.deleted_amgm_coefficient' depends on axioms: [propext, Classical.choice, Quot.sound]
'QuadraticTangZhang.norm_deleted_prod_le' depends on axioms: [propext, Classical.choice, Quot.sound]
'QuadraticTangZhang.exp_one_bounds' depends on axioms: [propext, Classical.choice, Quot.sound]
'QuadraticTangZhang.sqrt_exp_one_lt' depends on axioms: [propext, Classical.choice, Quot.sound]
'QuadraticTangZhang.log_million_bounds' depends on axioms: [propext, Classical.choice, Quot.sound]
'QuadraticTangZhang.log_three_eighths_million' depends on axioms: [propext, Classical.choice, Quot.sound]
'QuadraticTangZhang.log_fifty_thousand' depends on axioms: [propext, Classical.choice, Quot.sound]
'QuadraticTangZhang.near_coefficient_base' depends on axioms: [propext, Classical.choice, Quot.sound]
'QuadraticTangZhang.decreasing_coefficient_base' depends on axioms: [propext, Classical.choice, Quot.sound]
'QuadraticTangZhang.near_endpoint_coefficient_base' depends on axioms: [propext, Classical.choice, Quot.sound]
'QuadraticTangZhang.near_total_base' depends on axioms: [propext, Classical.choice, Quot.sound]
'QuadraticTangZhang.near_exponent_base' depends on axioms: [propext, Classical.choice, Quot.sound]
'QuadraticTangZhang.polar_log_exponent_base' depends on axioms: [propext, Classical.choice, Quot.sound]
'QuadraticTangZhang.small_alpha_base' depends on axioms: [propext, Classical.choice, Quot.sound]
'QuadraticTangZhang.large_alpha_base' depends on axioms: [propext, Classical.choice, Quot.sound]
'QuadraticTangZhang.sigma_base' depends on axioms: [propext, Classical.choice, Quot.sound]
'QuadraticTangZhang.degree_correction_base' depends on axioms: [propext, Classical.choice, Quot.sound]
'QuadraticTangZhang.small_a_power_base' depends on axioms: [propext, Classical.choice, Quot.sound]
'QuadraticTangZhang.small_a_increasing_coefficient' depends on axioms: [propext, Classical.choice, Quot.sound]
'QuadraticTangZhang.small_a_decreasing_coefficient' depends on axioms: [propext, Classical.choice, Quot.sound]
'QuadraticTangZhang.small_a_total' depends on axioms: [propext, Classical.choice, Quot.sound]
'QuadraticTangZhang.cube_root_base' depends on axioms: [propext, Classical.choice, Quot.sound]
'QuadraticTangZhang.large_a_correction_base' depends on axioms: [propext, Classical.choice, Quot.sound]
'QuadraticTangZhang.large_a_increasing_coefficient' depends on axioms: [propext, Classical.choice, Quot.sound]
'QuadraticTangZhang.large_a_total' depends on axioms: [propext, Classical.choice, Quot.sound]
'QuadraticTangZhang.boundary_gap_base' depends on axioms: [propext, Classical.choice, Quot.sound]
'Sendov.amgm_step' depends on axioms: [propext, Classical.choice, Quot.sound]
'Sendov.maclaurin_step' depends on axioms: [propext, Classical.choice, Quot.sound]
'Sendov.Multiset.prod_le_mean_pow' depends on axioms: [propext, Classical.choice, Quot.sound]
'Sendov.esymm_card_cons' depends on axioms: [propext, Classical.choice, Quot.sound]
'Sendov.Multiset.esymm_card_pred_le' depends on axioms: [propext, Classical.choice, Quot.sound]
'QuadraticTangZhang.beta_decomposition' depends on axioms: [propext, Classical.choice, Quot.sound]
'QuadraticTangZhang.betaS_le_beta' depends on axioms: [propext, Classical.choice, Quot.sound]
'QuadraticTangZhang.beta_one_pos' depends on axioms: [propext, Classical.choice, Quot.sound]
'QuadraticTangZhang.x_gt_half_of_beta_lt_one' depends on axioms: [propext, Classical.choice, Quot.sound]
'QuadraticTangZhang.rho_identity' depends on axioms: [propext, Classical.choice, Quot.sound]
'QuadraticTangZhang.rho_le_gap' depends on axioms: [propext, Classical.choice, Quot.sound]
'QuadraticTangZhang.rho_le_sq' depends on axioms: [propext, Classical.choice, Quot.sound]
'QuadraticTangZhang.betaS_endpoint' depends on axioms: [propext, Classical.choice, Quot.sound]
'QuadraticTangZhang.betaS_endpoint_le' depends on axioms: [propext, Classical.choice, Quot.sound]
'QuadraticTangZhang.polar_chord_gap' depends on axioms: [propext, Classical.choice, Quot.sound]
'QuadraticTangZhang.polar_le_chord' depends on axioms: [propext, Classical.choice, Quot.sound]
'QuadraticTangZhang.cubic_le_a' depends on axioms: [propext, Classical.choice, Quot.sound]
'QuadraticTangZhang.cubic_discriminant_identity' depends on axioms: [propext, Classical.choice, Quot.sound]
'QuadraticTangZhang.cubic_discriminant_nonneg' depends on axioms: [propext, Classical.choice, Quot.sound]
'QuadraticTangZhang.exclude_center_cubic' depends on axioms: [propext, Classical.choice, Quot.sound]
'QuadraticTangZhang.exclude_center_monotone' depends on axioms: [propext, Classical.choice, Quot.sound]
'QuadraticTangZhang.boundary_margin' depends on axioms: [propext, Classical.choice, Quot.sound]
'QuadraticTangZhang.exclude_center_boundary' depends on axioms: [propext, Classical.choice, Quot.sound]
'QuadraticTangZhang.exclude_direct' depends on axioms: [propext, Classical.choice, Quot.sound]
'QuadraticTangZhang.small_degree_factor_pos' depends on axioms: [propext, Classical.choice, Quot.sound]
'QuadraticTangZhang.small_degree_deficit_pos' depends on axioms: [propext, Classical.choice, Quot.sound]
'QuadraticTangZhang.boxEnvelope_nonneg' depends on axioms: [propext, Classical.choice, Quot.sound]
'QuadraticTangZhang.boxEnvelope_le_one' depends on axioms: [propext, Classical.choice, Quot.sound]
'QuadraticTangZhang.boxEnvelope_convex' depends on axioms: [propext, Classical.choice, Quot.sound]
'QuadraticTangZhang.boxEnvelope_rpow_convex' depends on axioms: [propext, Classical.choice, Quot.sound]
'QuadraticTangZhang.weighted_sq_div' depends on axioms: [propext, Classical.choice, Quot.sound]
'QuadraticTangZhang.convexOn_sq_div_affine' depends on axioms: [propext, Classical.choice, Quot.sound]
'QuadraticTangZhang.boxEnvelope_rpow_div_convex' depends on axioms: [propext, Classical.choice, Quot.sound]
'QuadraticTangZhang.convex_chord_bound' depends on axioms: [propext, Classical.choice, Quot.sound]
'QuadraticTangZhang.weighted_chord_integral' depends on axioms: [propext, Classical.choice, Quot.sound]
'QuadraticTangZhang.weighted_convex_integral_le_chord' depends on axioms: [propext, Classical.choice, Quot.sound]
'QuadraticTangZhang.convex_quadrature_weight_one' depends on axioms: [propext, Classical.choice, Quot.sound]
'QuadraticTangZhang.convex_quadrature_weight_two' depends on axioms: [propext, Classical.choice, Quot.sound]
'QuadraticTangZhang.degree_term_mono' depends on axioms: [propext, Classical.choice, Quot.sound]
'QuadraticTangZhang.abstract_rectangle_exclusion' depends on axioms: [propext, Classical.choice, Quot.sound]
'QuadraticTangZhang.abstract_rectangle_exclusion_basic' depends on axioms: [propext, Classical.choice, Quot.sound]
'QuadraticTangZhang.sum_eq_card_mul_mean' depends on axioms: [propext, Classical.choice, Quot.sound]
'QuadraticTangZhang.differential_origin_identity' depends on axioms: [propext, Classical.choice, Quot.sound]
'QuadraticTangZhang.originProduct_norm_le_beta' depends on axioms: [propext, Classical.choice, Quot.sound]
'QuadraticTangZhang.originErrorSum_norm_bound' depends on axioms: [propext, Classical.choice, Quot.sound]
'QuadraticTangZhang.originRemainder_norm_bound' depends on axioms: [propext, Classical.choice, Quot.sound]
'QuadraticTangZhang.direct_scalar_inequality' depends on axioms: [propext, Classical.choice, Quot.sound]
'QuadraticTangZhang.origin_gap_pos' depends on axioms: [propext, Classical.choice, Quot.sound]
'QuadraticTangZhang.beta_pos_on_unit' depends on axioms: [propext, Classical.choice, Quot.sound]
'QuadraticTangZhang.centerFactor_norm_lower' depends on axioms: [propext, Classical.choice, Quot.sound]
'QuadraticTangZhang.centerIntegral_integrable' depends on axioms: [propext, Classical.choice, Quot.sound]
'QuadraticTangZhang.centerIntegral_nonneg' depends on axioms: [propext, Classical.choice, Quot.sound]
'QuadraticTangZhang.centerCoefficient_nonneg' depends on axioms: [propext, Classical.choice, Quot.sound]
'QuadraticTangZhang.centerFactor_integral' depends on axioms: [propext, Classical.choice, Quot.sound]
'QuadraticTangZhang.centered_integral_remainder' depends on axioms: [propext, Classical.choice, Quot.sound]
'QuadraticTangZhang.norm_centerFactor_sq_le_beta' depends on axioms: [propext, Classical.choice, Quot.sound]
'QuadraticTangZhang.norm_pow_le_rpow_of_sq_le' depends on axioms: [propext, Classical.choice, Quot.sound]
'QuadraticTangZhang.centered_scalar_inequality' depends on axioms: [propext, Classical.choice, Quot.sound]
'QuadraticTangZhang.segment_quadrature_one' depends on axioms: [propext, Classical.choice, Quot.sound]
'QuadraticTangZhang.segment_quadrature_two' depends on axioms: [propext, Classical.choice, Quot.sound]
'QuadraticTangZhang.finite_quadrature_one_sound' depends on axioms: [propext, Classical.choice, Quot.sound]
'QuadraticTangZhang.finite_quadrature_two_sound' depends on axioms: [propext, Classical.choice, Quot.sound]
'QuadraticTangZhang.roundDown_nonneg' depends on axioms: [propext, Classical.choice, Quot.sound]
'QuadraticTangZhang.roundUp_nonneg' depends on axioms: [propext, Classical.choice, Quot.sound]
'QuadraticTangZhang.roundDown_le' depends on axioms: [propext, Classical.choice, Quot.sound]
'QuadraticTangZhang.le_roundUp' depends on axioms: [propext, Classical.choice, Quot.sound]
'QuadraticTangZhang.roundDown_cast_le' depends on axioms: [propext, Classical.choice, Quot.sound]
'QuadraticTangZhang.cast_le_roundUp' depends on axioms: [propext, Classical.choice, Quot.sound]
'QuadraticTangZhang.roundedPowLower_sound' depends on axioms: [propext, Classical.choice, Quot.sound]
'QuadraticTangZhang.roundedPowUpper_sound' depends on axioms: [propext, Classical.choice, Quot.sound]
'QuadraticTangZhang.roundedSqrtLower_nonneg' depends on axioms: [propext, Classical.choice, Quot.sound]
'QuadraticTangZhang.roundedSqrtUpper_nonneg' depends on axioms: [propext, Classical.choice, Quot.sound]
'QuadraticTangZhang.roundedSqrtLower_sq' depends on axioms: [propext, Classical.choice, Quot.sound]
'QuadraticTangZhang.le_roundedSqrtUpper_sq' depends on axioms: [propext, Classical.choice, Quot.sound]
'QuadraticTangZhang.roundedSqrt_sound' depends on axioms: [propext, Classical.choice, Quot.sound]
'QuadraticTangZhang.rpow_half_nat_even' depends on axioms: [propext, Classical.choice, Quot.sound]
'QuadraticTangZhang.rpow_half_nat_odd' depends on axioms: [propext, Classical.choice, Quot.sound]
'QuadraticTangZhang.halfPower_sound' depends on axioms: [propext, Classical.choice, Quot.sound]
'QuadraticTangZhang.integral_t_exp_neg_le' depends on axioms: [propext, Classical.choice, Quot.sound]
'QuadraticTangZhang.integral_sq_exp_neg_le' depends on axioms: [propext, Classical.choice, Quot.sound]
'QuadraticTangZhang.rpow_le_exp_gap' depends on axioms: [propext, Classical.choice, Quot.sound]
'QuadraticTangZhang.beta_power_split_bound' depends on axioms: [propext, Classical.choice, Quot.sound]
'QuadraticTangZhang.direct_integral_split_bound' depends on axioms: [propext, Classical.choice, Quot.sound]
'QuadraticTangZhang.affine_denominator_pos' depends on axioms: [propext, Classical.choice, Quot.sound]
'QuadraticTangZhang.envelope_quotient_continuous' depends on axioms: [propext, Classical.choice, Quot.sound]
'QuadraticTangZhang.uniform_integral_bounds' depends on axioms: [propext, Classical.choice, Quot.sound]
'QuadraticTangZhang.uniform_coefficient_bounds' depends on axioms: [propext, Classical.choice, Quot.sound]
'QuadraticTangZhang.uniform_endpoint_bound' depends on axioms: [propext, Classical.choice, Quot.sound]
'QuadraticTangZhang.beta_gap_form' depends on axioms: [propext, Classical.choice, Quot.sound]
'QuadraticTangZhang.denominator_gap_form' depends on axioms: [propext, Classical.choice, Quot.sound]
'QuadraticTangZhang.rpow_div_mono_pair' depends on axioms: [propext, Classical.choice, Quot.sound]
'QuadraticTangZhang.beta_quotient_gap_mono' depends on axioms: [propext, Classical.choice, Quot.sound]
'QuadraticTangZhang.rectangle_envelope_power_bound' depends on axioms: [propext, Classical.choice, Quot.sound]
'QuadraticTangZhang.rectangle_envelope_quotient_bound' depends on axioms: [propext, Classical.choice, Quot.sound]
'QuadraticTangZhang.polar_le_linear' depends on axioms: [propext, Classical.choice, Quot.sound]
'QuadraticTangZhang.polar_exponential' depends on axioms: [propext, Classical.choice, Quot.sound]
'QuadraticTangZhang.beta_rational_bound' depends on axioms: [propext, Classical.choice, Quot.sound]
'QuadraticTangZhang.beta_log_bound' depends on axioms: [propext, Classical.choice, Quot.sound]
'QuadraticTangZhang.prod_norm_le_exact_moment' depends on axioms: [propext, Classical.choice, Quot.sound]
'QuadraticTangZhang.exact_polar_inequality' depends on axioms: [propext, Classical.choice, Quot.sound]
'QuadraticTangZhang.polarQuadratic_nonneg' depends on axioms: [propext, Classical.choice, Quot.sound]
'QuadraticTangZhang.polarQuadratic_le_square' depends on axioms: [propext, Classical.choice, Quot.sound]
'QuadraticTangZhang.small_degree_polar_contradiction' depends on axioms: [propext, Classical.choice, Quot.sound]
'Sendov.norm_sub_le_norm_one_sub_mul' depends on axioms: [propext, Classical.choice, Quot.sound]
'Sendov.norm_multiset_prod' depends on axioms: [propext, Classical.choice, Quot.sound]
'Sendov.prod_map_le_of_le' depends on axioms: [propext, Classical.choice, Quot.sound]
'Sendov.norm_prod_map' depends on axioms: [propext, Classical.choice, Quot.sound]
'Sendov.prod_map_norm_nonneg' depends on axioms: [propext, Classical.choice, Quot.sound]
'Sendov.one_le_integral_prod_norm' depends on axioms: [propext, Classical.choice, Quot.sound]
'Sendov.norm_sq_add_real_mul' depends on axioms: [propext, Classical.choice, Quot.sound]
'Sendov.prod_map_sq' depends on axioms: [propext, Classical.choice, Quot.sound]
'Sendov.sum_norm_sq_split' depends on axioms: [propext, Classical.choice, Quot.sound]
'Sendov.sum_norm_sq_le_card' depends on axioms: [propext, Classical.choice, Quot.sound]
'Sendov.continuous_prod_norm' depends on axioms: [propext, Classical.choice, Quot.sound]
'QuadraticTangZhang.smallIntegral_mul' depends on axioms: [propext, Classical.choice, Quot.sound]
'QuadraticTangZhang.smallIntegral_one' depends on axioms: [propext, Classical.choice, Quot.sound]
'QuadraticTangZhang.smallIntegral_two' depends on axioms: [propext, Classical.choice, Quot.sound]
'QuadraticTangZhang.smallIntegral_three' depends on axioms: [propext, Classical.choice, Quot.sound]
'QuadraticTangZhang.smallIntegral_four' depends on axioms: [propext, Classical.choice, Quot.sound]
'QuadraticTangZhang.smallIntegral_lt_one' depends on axioms: [propext, Classical.choice, Quot.sound]
'Sendov.integral_exp_mul' depends on axioms: [propext, Classical.choice, Quot.sound]
'Sendov.integral_exp_eq' depends on axioms: [propext, Classical.choice, Quot.sound]
'Sendov.integral_exp_eq'' depends on axioms: [propext, Classical.choice, Quot.sound]
'Sendov.beta_lt_two' depends on axioms: [propext, Classical.choice, Quot.sound]
'Sendov.beta_le' depends on axioms: [propext, Classical.choice, Quot.sound]
'Sendov.log_le_alpha_mul' depends on axioms: [propext, Classical.choice, Quot.sound]
'Sendov.sinh_sq_le' depends on axioms: [propext, Classical.choice, Quot.sound]
'Sendov.sqrt_mul_sub_le' depends on axioms: [propext, Classical.choice, Quot.sound]
'Sendov.log_sinh_div_le' depends on axioms: [propext, Classical.choice, Quot.sound]
'Sendov.sinh_le_mul_exp' depends on axioms: [propext, Classical.choice, Quot.sound]
'QuadraticTangZhang.rho_pos_of_polar' depends on axioms: [propext, Classical.choice, Quot.sound]
'QuadraticTangZhang.chord_polar_bound' depends on axioms: [propext, Classical.choice, Quot.sound]
'QuadraticTangZhang.rho_log_lower_bound' depends on axioms: [propext, Classical.choice, Quot.sound]
'BorceaVariance.phi_nonneg' depends on axioms: [propext, Classical.choice, Quot.sound]
'BorceaVariance.phi_sq' depends on axioms: [propext, Classical.choice, Quot.sound]
'BorceaVariance.phi_le_one' depends on axioms: [propext, Classical.choice, Quot.sound]
'BorceaVariance.phi_le_psi' depends on axioms: [propext, Classical.choice, Quot.sound]
'BorceaVariance.normalized_other_shift_energy' depends on axioms: [propext, Classical.choice, Quot.sound]
'BorceaVariance.normalized_basic_product' depends on axioms: [propext, Classical.choice, Quot.sound]
'BorceaVariance.Certificate.multiplyUp_sound' depends on axioms: [propext, Classical.choice, Quot.sound]
'BorceaVariance.Certificate.subtractDown_sound' depends on axioms: [propext, Classical.choice, Quot.sound]
'BorceaVariance.Certificate.upperPower_sound' depends on axioms: [propext, Classical.choice, Quot.sound]
'BorceaVariance.Certificate.upperSqrt_sound' depends on axioms: [propext, Classical.choice, Quot.sound]
'BorceaVariance.Certificate.upperHalfPower_sound' depends on axioms: [propext, Classical.choice, Quot.sound]
'BorceaVariance.Certificate.taylor32_le_exp' depends on axioms: [propext, Classical.choice, Quot.sound]
'BorceaVariance.Certificate.varianceBox_upper' depends on axioms: [propext, Classical.choice, Quot.sound]
'BorceaVariance.Certificate.rhoLower_sound' depends on axioms: [propext, Classical.choice, Quot.sound]
'BorceaVariance.Certificate.betaCoefficient_lower' depends on axioms: [propext, Classical.choice, Quot.sound]
'BorceaVariance.Certificate.beta_majorant_sound' depends on axioms: [propext, Classical.choice, Quot.sound]
'BorceaVariance.Certificate.phi_box_upper' depends on axioms: [propext, Classical.choice, Quot.sound]
'BorceaVariance.Certificate.reciprocal_product_box_upper' depends on axioms: [propext, Classical.choice, Quot.sound]
'BorceaVariance.Certificate.core_box_upper' depends on axioms: [propext, Classical.choice, Quot.sound]
'BorceaVariance.Certificate.degreeChain_coverage' depends on axioms: [propext, Classical.choice, Quot.sound]
'BorceaVariance.Certificate.norm_mean_sub_real_lower' depends on axioms: [propext, Classical.choice, Quot.sound]
'BorceaVariance.Certificate.norm_one_sub_product_lower' depends on axioms: [propext, Classical.choice, Quot.sound]
'BorceaVariance.Certificate.distanceA_lower' depends on axioms: [propext, Classical.choice, Quot.sound]
'BorceaVariance.Certificate.distanceB_lower' depends on axioms: [propext, Classical.choice, Quot.sound]
'BorceaVariance.Certificate.endpoint_square_upper' depends on axioms: [propext, Classical.choice, Quot.sound]
'BorceaVariance.Certificate.endpoint_kappa_bound' depends on axioms: [propext, Classical.choice, Quot.sound]
'BorceaVariance.Certificate.linear_majorant_box' depends on axioms: [propext, Classical.choice, Quot.sound]
'BorceaVariance.Certificate.rhoLower_nonneg' depends on axioms: [propext, Classical.choice, Quot.sound]
'BorceaVariance.Certificate.beta_box_unit_bounds' depends on axioms: [propext, Classical.choice, Quot.sound]
'BorceaVariance.Certificate.Generated.certificates_degree_list' depends on axioms: [propext]
'BorceaVariance.Certificate.Generated.concrete_degree_coverage' depends on axioms: [propext,
 Classical.choice,
 Quot.sound]
'BorceaVariance.Certificate.Generated.concrete_tree_coverage' depends on axioms: [propext, Classical.choice, Quot.sound]
'BorceaVariance.Certificate.Generated.concrete_paths_no_duplicates' depends on axioms: [propext, Quot.sound]
'BorceaVariance.Certificate.Generated.concrete_leaf_has_no_descendant' depends on axioms: [propext]
'BorceaVariance.Certificate.Generated.degreeBlocks_count' does not depend on any axioms
'BorceaVariance.Certificate.Generated.degreeBlocks_chain' does not depend on any axioms
'BorceaVariance.Certificate.Generated.degreeBlocks_no_overlap' does not depend on any axioms
'BorceaVariance.Certificate.Generated.degreeBlocks_coverage' depends on axioms: [propext, Classical.choice, Quot.sound]
'BorceaVariance.Certificate.meshCheck_sound' depends on axioms: [propext, Quot.sound]
'BorceaVariance.Certificate.sum_segment_upper_bounds' depends on axioms: [propext, Classical.choice, Quot.sound]
'BorceaVariance.Certificate.segment_majorant_one' depends on axioms: [propext, Classical.choice, Quot.sound]
'BorceaVariance.Certificate.segment_majorant_two' depends on axioms: [propext, Classical.choice, Quot.sound]
'BorceaVariance.Certificate.CounterexampleParameters.critical_centered' depends on axioms: [propext,
 Classical.choice,
 Quot.sound]
'BorceaVariance.Certificate.CounterexampleParameters.critical_secondMoment_bound' depends on axioms: [propext,
 Classical.choice,
 Quot.sound]
'BorceaVariance.Certificate.CounterexampleParameters.moments' depends on axioms: [propext, Classical.choice, Quot.sound]
'BorceaVariance.Certificate.CounterexampleParameters.distinguished_pos' depends on axioms: [propext,
 Classical.choice,
 Quot.sound]
'BorceaVariance.Certificate.CounterexampleParameters.mean_re_pos' depends on axioms: [propext,
 Classical.choice,
 Quot.sound]
'BorceaVariance.Certificate.CounterexampleParameters.critical_far' depends on axioms: [propext,
 Classical.choice,
 Quot.sound]
'BorceaVariance.Certificate.parameters_exist' depends on axioms: [propext, Classical.choice, Quot.sound]
'BorceaVariance.Certificate.CounterexampleParameters.variance_nonnegative' depends on axioms: [propext,
 Classical.choice,
 Quot.sound]
'BorceaVariance.Certificate.CounterexampleParameters.unit_parameters' depends on axioms: [propext,
 Classical.choice,
 Quot.sound]
'BorceaVariance.Certificate.Tree.leafPaths_nodup' depends on axioms: [propext, Quot.sound]
'BorceaVariance.Certificate.Tree.atLeaf_unique' does not depend on any axioms
'BorceaVariance.Certificate.Tree.leaf_has_no_descendant' does not depend on any axioms
'BorceaVariance.Certificate.Tree.atLeaf_split_coordinate' does not depend on any axioms
'BorceaVariance.Certificate.degree_bound_sound' depends on axioms: [propext, Classical.choice, Quot.sound]
'BorceaVariance.Certificate.variance_nonnegative_sound' depends on axioms: [propext, Classical.choice, Quot.sound]
'BorceaVariance.Certificate.beta_negative_sound' depends on axioms: [propext, Classical.choice, Quot.sound]
'BorceaVariance.Certificate.varianceUpper_bounds' depends on axioms: [propext, Classical.choice, Quot.sound]
'BorceaVariance.Certificate.inverse_moment_sound' depends on axioms: [propext, Classical.choice, Quot.sound]
'BorceaVariance.Certificate.moment_A_sound' depends on axioms: [propext, Classical.choice, Quot.sound]
'BorceaVariance.Certificate.moment_B_sound' depends on axioms: [propext, Classical.choice, Quot.sound]
'BorceaVariance.Certificate.productBase_bounds' depends on axioms: [propext, Classical.choice, Quot.sound]
'BorceaVariance.Certificate.product_sound' depends on axioms: [propext, Classical.choice, Quot.sound]
'BorceaVariance.Certificate.radial_denominator_lower' depends on axioms: [propext, Classical.choice, Quot.sound]
'BorceaVariance.Certificate.radial_mean_box_bound' depends on axioms: [propext, Classical.choice, Quot.sound]
'BorceaVariance.Certificate.radial_variance_box_bound' depends on axioms: [propext, Classical.choice, Quot.sound]
'BorceaVariance.Certificate.initial_variance_box_bound' depends on axioms: [propext, Classical.choice, Quot.sound]
'BorceaVariance.Certificate.finite_radial_sound' depends on axioms: [propext, Classical.choice, Quot.sound]
'BorceaVariance.Certificate.initial_critical_variance_negative_sound' depends on axioms: [propext,
 Classical.choice,
 Quot.sound]
'BorceaVariance.Certificate.radialDistance_nonneg' depends on axioms: [propext, Classical.choice, Quot.sound]
'BorceaVariance.Certificate.radialDistance_lower' depends on axioms: [propext, Classical.choice, Quot.sound]
'BorceaVariance.Certificate.stableBoxLoss_nonneg' depends on axioms: [propext, Classical.choice, Quot.sound]
'BorceaVariance.Certificate.stableBoxLoss_lower' depends on axioms: [propext, Classical.choice, Quot.sound]
'BorceaVariance.Certificate.product_stable_sound' depends on axioms: [propext, Classical.choice, Quot.sound]
'BorceaVariance.Certificate.CounterexampleParameters.initial_moments' depends on axioms: [propext,
 Classical.choice,
 Quot.sound]
'BorceaVariance.Certificate.initial_inverse_moment_sound' depends on axioms: [propext, Classical.choice, Quot.sound]
'BorceaVariance.Certificate.initial_moment_A_sound' depends on axioms: [propext, Classical.choice, Quot.sound]
'BorceaVariance.Certificate.initial_moment_B_sound' depends on axioms: [propext, Classical.choice, Quot.sound]
'BorceaVariance.Certificate.Interval.split_covers' depends on axioms: [propext, Classical.choice, Quot.sound]
'BorceaVariance.Certificate.Box.split_covers' depends on axioms: [propext, Classical.choice, Quot.sound]
'BorceaVariance.Certificate.Tree.coverage' depends on axioms: [propext, Classical.choice, Quot.sound]
'BorceaVariance.Certificate.Tree.exclusion' depends on axioms: [propext, Classical.choice, Quot.sound]
'BorceaVariance.phi_base_nonneg_of_energy' depends on axioms: [propext, Classical.choice, Quot.sound]
'BorceaVariance.root_product_upper' depends on axioms: [propext, Classical.choice, Quot.sound]
'BorceaVariance.normalized_root_product_upper' depends on axioms: [propext, Classical.choice, Quot.sound]
'BorceaVariance.normalized_core_product' depends on axioms: [propext, Classical.choice, Quot.sound]
'BorceaVariance.critical_root_sum_zero' depends on axioms: [propext, Classical.choice, Quot.sound]
'BorceaVariance.multiset_fin_enumeration' depends on axioms: [propext, Quot.sound]
'BorceaVariance.normalized_critical_points' depends on axioms: [propext, Classical.choice, Quot.sound]
'BorceaVariance.sigma2_nonneg' depends on axioms: [propext, Classical.choice, Quot.sound]
'BorceaVariance.variance_nonneg' depends on axioms: [propext, Classical.choice, Quot.sound]
'BorceaVariance.sigma2_sq' depends on axioms: [propext, Classical.choice, Quot.sound]
'BorceaVariance.root_eq_centroid_of_variance_zero' depends on axioms: [propext, Classical.choice, Quot.sound]
'BorceaVariance.polynomial_of_variance_zero' depends on axioms: [propext, Classical.choice, Quot.sound]
'BorceaVariance.zero_variance_main' depends on axioms: [propext, Classical.choice, Quot.sound]
'BorceaVariance.sigma2_pos_of_counterexample' depends on axioms: [propext, Classical.choice, Quot.sound]
'BorceaVariance.normalized_other_roots' depends on axioms: [propext, Classical.choice, Quot.sound]
'BorceaVariance.normalized_derivative_factorization' depends on axioms: [propext, Classical.choice, Quot.sound]
'BorceaVariance.normalized_product_identity' depends on axioms: [propext, Classical.choice, Quot.sound]
'BorceaVariance.normalized_origin_identity_fin' depends on axioms: [propext, Classical.choice, Quot.sound]
'BorceaVariance.normalized_center_identity_fin' depends on axioms: [propext, Classical.choice, Quot.sound]
'BorceaVariance.centered_sum' depends on axioms: [propext, Classical.choice, Quot.sound]
'BorceaVariance.sum_eq_card_mul_mean' depends on axioms: [propext, Classical.choice, Quot.sound]
'BorceaVariance.sum_sq_eq_card_mul_secondMoment' depends on axioms: [propext, Classical.choice, Quot.sound]
'BorceaVariance.centered_variance_sum' depends on axioms: [propext, Classical.choice, Quot.sound]
'BorceaVariance.centeredVariance_nonneg' depends on axioms: [propext, Classical.choice, Quot.sound]
'BorceaVariance.weighted_complex_cauchy' depends on axioms: [propext, Classical.choice, Quot.sound]
'BorceaVariance.complex_cauchy' depends on axioms: [propext, Classical.choice, Quot.sound]
'BorceaVariance.origin_identity_multiset' depends on axioms: [propext, Classical.choice, Quot.sound]
'BorceaVariance.normalized_origin_identity' depends on axioms: [propext, Classical.choice, Quot.sound]
'BorceaVariance.differential_identity' depends on axioms: [propext, Classical.choice, Quot.sound]
'BorceaVariance.center_power_integral' depends on axioms: [propext, Classical.choice, Quot.sound]
'BorceaVariance.center_identity' depends on axioms: [propext, Classical.choice, Quot.sound]
'BorceaVariance.centered_error_integral_bound' depends on axioms: [propext, Classical.choice, Quot.sound]
'BorceaVariance.absolute_integral_test' depends on axioms: [propext, Classical.choice, Quot.sound]
'BorceaVariance.beta_nat_succ_identity' depends on axioms: [propext, Classical.choice, Quot.sound]
'BorceaVariance.integral_nat_beta' depends on axioms: [propext, Classical.choice, Quot.sound]
'BorceaVariance.rpow_le_max_endpoint' depends on axioms: [propext, Classical.choice, Quot.sound]
'BorceaVariance.retained_base_antitone_degree' depends on axioms: [propext, Classical.choice, Quot.sound]
'BorceaVariance.retained_block_power_bound' depends on axioms: [propext, Classical.choice, Quot.sound]
'BorceaVariance.retained_block_nat_power_bound' depends on axioms: [propext, Classical.choice, Quot.sound]
'BorceaVariance.centered_first_remainder_general' depends on axioms: [propext, Classical.choice, Quot.sound]
'BorceaVariance.centered_first_remainder_moments' depends on axioms: [propext, Classical.choice, Quot.sound]
'BorceaVariance.centered_interpolation_first' depends on axioms: [propext, Classical.choice, Quot.sound]
'BorceaVariance.centered_second_remainder_general' depends on axioms: [propext, Classical.choice, Quot.sound]
'BorceaVariance.centered_second_remainder_moments' depends on axioms: [propext, Classical.choice, Quot.sound]
'BorceaVariance.centered_interpolation_second' depends on axioms: [propext, Classical.choice, Quot.sound]
'BorceaVariance.omissionConstant_sq_le_exp' depends on axioms: [propext, Classical.choice, Quot.sound]
'BorceaVariance.omission_one_constant_bounds' depends on axioms: [propext, Classical.choice, Quot.sound]
'BorceaVariance.omission_two_constant_bounds' depends on axioms: [propext, Classical.choice, Quot.sound]
'BorceaVariance.convex_quadratic_majorant' depends on axioms: [propext, Classical.choice, Quot.sound]
'BorceaVariance.convex_linear_majorant' depends on axioms: [propext, Classical.choice, Quot.sound]
'BorceaVariance.convex_nonnegative_rpow' depends on axioms: [propext, Classical.choice, Quot.sound]
'BorceaVariance.convex_positive_part' depends on axioms: [propext, Classical.choice, Quot.sound]
'BorceaVariance.convex_retained_base' depends on axioms: [propext, Classical.choice, Quot.sound]
'BorceaVariance.convex_retained_block_powers' depends on axioms: [propext, Classical.choice, Quot.sound]
'BorceaVariance.chord_one' depends on axioms: [propext, Classical.choice, Quot.sound]
'BorceaVariance.chord_two' depends on axioms: [propext, Classical.choice, Quot.sound]
'BorceaVariance.le_min_of_separate_bounds' depends on axioms: [propext, Classical.choice, Quot.sound]
'BorceaVariance.directMajorant_le_first_moment' depends on axioms: [propext, Classical.choice, Quot.sound]
'BorceaVariance.direct_unit_bound' depends on axioms: [propext, Classical.choice, Quot.sound]
'BorceaVariance.direct_second_moment_bound' depends on axioms: [propext, Classical.choice, Quot.sound]
'BorceaVariance.direct_bound' depends on axioms: [propext, Classical.choice, Quot.sound]
'BorceaVariance.weighted_deleted_product_bound' depends on axioms: [propext, Classical.choice, Quot.sound]
'BorceaVariance.retained_factor_lower' depends on axioms: [propext, Classical.choice, Quot.sound]
'BorceaVariance.direct_retained_bound' depends on axioms: [propext, Classical.choice, Quot.sound]
'BorceaVariance.originErrorSum_norm_le_directMajorant' depends on axioms: [propext, Classical.choice, Quot.sound]
'BorceaVariance.originProduct_endpoint_bound' depends on axioms: [propext, Classical.choice, Quot.sound]
'BorceaVariance.originRemainder_norm_le_direct_integral' depends on axioms: [propext, Classical.choice, Quot.sound]
'BorceaVariance.origin_core_integral_bound' depends on axioms: [propext, Classical.choice, Quot.sound]
'BorceaVariance.direct_integral_test' depends on axioms: [propext, Classical.choice, Quot.sound]
'BorceaVariance.binomial_beta_identity' depends on axioms: [propext, Classical.choice, Quot.sound]
'BorceaVariance.binomial_linear_factor_expansion' depends on axioms: [propext, Classical.choice, Quot.sound]
'BorceaVariance.integral_polynomial_identity' depends on axioms: [propext, Classical.choice, Quot.sound]
'BorceaVariance.integralPolynomial_nonneg' depends on axioms: [propext, Classical.choice, Quot.sound]
'BorceaVariance.power_sum_integral_relation' depends on axioms: [propext, Classical.choice, Quot.sound]
'BorceaVariance.interpolationPolynomial_derivative' depends on axioms: [propext, Classical.choice, Quot.sound]
'BorceaVariance.interpolationPolynomial_second_derivative' depends on axioms: [propext, Classical.choice, Quot.sound]
'BorceaVariance.interpolationPolynomial_derivative_zero' depends on axioms: [propext, Classical.choice, Quot.sound]
'BorceaVariance.polynomial_taylor_second' depends on axioms: [propext, Classical.choice, Quot.sound]
'BorceaVariance.ordered_pair_norm_sum_bound' depends on axioms: [propext, Classical.choice, Quot.sound]
'BorceaVariance.centered_norm_le_factor_mean' depends on axioms: [propext, Classical.choice, Quot.sound]
'BorceaVariance.centered_interpolation_second_moment' depends on axioms: [propext, Classical.choice, Quot.sound]
'BorceaVariance.centered_interpolation_first_moment' depends on axioms: [propext, Classical.choice, Quot.sound]
'BorceaVariance.esymm_fin_card_pred' depends on axioms: [propext, Classical.choice, Quot.sound]
'BorceaVariance.sum_deleted_prod_le_mean' depends on axioms: [propext, Classical.choice, Quot.sound]
'BorceaVariance.factorMean_nonneg' depends on axioms: [propext, Classical.choice, Quot.sound]
'BorceaVariance.factorMean_sq_le_beta' depends on axioms: [propext, Classical.choice, Quot.sound]
'BorceaVariance.factorMean_endpoint_sq_le' depends on axioms: [propext, Classical.choice, Quot.sound]
'BorceaVariance.factorMean_endpoint_le_kappa' depends on axioms: [propext, Classical.choice, Quot.sound]
'BorceaVariance.factorMean_endpoint_sqrt_bound' depends on axioms: [propext, Classical.choice, Quot.sound]
'BorceaVariance.factorMean_linear_majorant' depends on axioms: [propext, Classical.choice, Quot.sound]
'BorceaVariance.originProduct_norm_le_second_moment' depends on axioms: [propext, Classical.choice, Quot.sound]
'BorceaVariance.omissionConstant_nonneg' depends on axioms: [propext, Classical.choice, Quot.sound]
'BorceaVariance.omissionConstant_sq' depends on axioms: [propext, Classical.choice, Quot.sound]
'BorceaVariance.pow_le_rpow_half_of_sq_le' depends on axioms: [propext, Classical.choice, Quot.sound]
'BorceaVariance.norm_subproduct_le_second_moment' depends on axioms: [propext, Classical.choice, Quot.sound]
'BorceaVariance.norm_subproduct_le_first_moment' depends on axioms: [propext, Classical.choice, Quot.sound]
'BorceaVariance.normalized_direct_integral_test' depends on axioms: [propext, Classical.choice, Quot.sound]
'BorceaVariance.normalized_absolute_integral_test' depends on axioms: [propext, Classical.choice, Quot.sound]
'BorceaVariance.normalized_ratio_integral_test' depends on axioms: [propext, Classical.choice, Quot.sound]
'BorceaVariance.ratio_scalar_test' depends on axioms: [propext, Classical.choice, Quot.sound]
'BorceaVariance.normalized_core_product_le_mean' depends on axioms: [propext, Classical.choice, Quot.sound]
'BorceaVariance.norm_prod_le_first_moment' depends on axioms: [propext, Classical.choice, Quot.sound]
'BorceaVariance.retained_deleted_second_moment' depends on axioms: [propext, Classical.choice, Quot.sound]
'BorceaVariance.retained_deleted_first_moment' depends on axioms: [propext, Classical.choice, Quot.sound]
'BorceaVariance.one_sub_le_exp_neg' depends on axioms: [propext, Classical.choice, Quot.sound]
'BorceaVariance.exp_ge_sixth' depends on axioms: [propext, Classical.choice, Quot.sound]
'BorceaVariance.small_a_final_margin' depends on axioms: [propext, Classical.choice, Quot.sound]
'BorceaVariance.away_table_margins' depends on axioms: [propext, Classical.choice, Quot.sound]
'BorceaVariance.central_B_value' depends on axioms: [propext, Classical.choice, Quot.sound]
'BorceaVariance.near_final_rational_margin' depends on axioms: [propext, Classical.choice, Quot.sound]
'BorceaVariance.compression_entry_norm' depends on axioms: [propext, Classical.choice, Quot.sound]
'BorceaVariance.centered_pair_norm_sum' depends on axioms: [propext, Classical.choice, Quot.sound]
'BorceaVariance.centered_compression_frobenius' depends on axioms: [propext, Classical.choice, Quot.sound]
'BorceaVariance.uniformProjection_row_sum' depends on axioms: [propext, Classical.choice, Quot.sound]
'BorceaVariance.compression_row_sum' depends on axioms: [propext, Classical.choice, Quot.sound]
'BorceaVariance.uniformProjection_idempotent' depends on axioms: [propext, Classical.choice, Quot.sound]
'BorceaVariance.centeredCompression_eq_projection_diagonal' depends on axioms: [propext, Classical.choice, Quot.sound]
'BorceaVariance.charpoly_eval_projection_diagonal' depends on axioms: [propext, Classical.choice, Quot.sound]
'BorceaVariance.root_product_derivative_eval' depends on axioms: [propext, Classical.choice, Quot.sound]
'BorceaVariance.projection_diagonal_charpoly' depends on axioms: [propext, Classical.choice, Quot.sound]
'BorceaVariance.centered_compression_charpoly' depends on axioms: [propext, Classical.choice, Quot.sound]
'BorceaVariance.det_diagonal_add_row' depends on axioms: [propext, Classical.choice, Quot.sound]
'BorceaVariance.frobeniusSquare_eq_trace' depends on axioms: [propext, Classical.choice, Quot.sound]
'BorceaVariance.frobeniusSquare_nonneg' depends on axioms: [propext, Classical.choice, Quot.sound]
'BorceaVariance.frobeniusSquare_unitary_similarity' depends on axioms: [propext, Classical.choice, Quot.sound]
'BorceaVariance.diagonal_energy_le_frobeniusSquare' depends on axioms: [propext, Classical.choice, Quot.sound]
'BorceaVariance.schur_frobenius_bound' depends on axioms: [propext, Classical.choice, Quot.sound]
'BorceaVariance.exists_orthonormal_eigenbasis_first' depends on axioms: [propext, Classical.choice, Quot.sound]
'BorceaVariance.eigenbasis_first_column' depends on axioms: [propext, Classical.choice, Quot.sound]
'BorceaVariance.orthonormal_change_matrix' depends on axioms: [propext, Classical.choice, Quot.sound]
'BorceaVariance.first_column_charpoly' depends on axioms: [propext, Classical.choice, Quot.sound]
'BorceaVariance.first_block_frobenius_le' depends on axioms: [propext, Classical.choice, Quot.sound]
'BorceaVariance.exists_normalizing_scale' depends on axioms: [propext, Classical.choice, Quot.sound]
'BorceaVariance.normalize_counterexample' depends on axioms: [propext, Classical.choice, Quot.sound]
'BorceaVariance.normalized_root_factorization' depends on axioms: [propext, Classical.choice, Quot.sound]
'BorceaVariance.phi_succ_mono' depends on axioms: [propext, Classical.choice, Quot.sound]
'BorceaVariance.phi_base_nonneg_of_degree' depends on axioms: [propext, Classical.choice, Quot.sound]
'BorceaVariance.phi_mono_degree' depends on axioms: [propext, Classical.choice, Quot.sound]
'BorceaVariance.hasDerivAt_phiSquareKernel' depends on axioms: [propext, Classical.choice, Quot.sound]
'BorceaVariance.phi_mono_before_one' depends on axioms: [propext, Classical.choice, Quot.sound]
'BorceaVariance.phi_antitone_after_one' depends on axioms: [propext, Classical.choice, Quot.sound]
'BorceaVariance.eval_affinePullback' depends on axioms: [propext, Classical.choice, Quot.sound]
'BorceaVariance.natDegree_affinePullback' depends on axioms: [propext, Classical.choice, Quot.sound]
'BorceaVariance.derivative_affinePullback' depends on axioms: [propext, Classical.choice, Quot.sound]
'BorceaVariance.roots_affinePullback' depends on axioms: [propext, Classical.choice, Quot.sound]
'BorceaVariance.critical_roots_affinePullback' depends on axioms: [propext, Classical.choice, Quot.sound]
'BorceaVariance.roots_card' depends on axioms: [propext, Classical.choice, Quot.sound]
'BorceaVariance.multiset_sum_affine' depends on axioms: [propext, Classical.choice, Quot.sound]
'BorceaVariance.centroid_affinePullback' depends on axioms: [propext, Classical.choice, Quot.sound]
'BorceaVariance.centroid_C_mul' depends on axioms: [propext, Classical.choice, Quot.sound]
'BorceaVariance.variance_C_mul' depends on axioms: [propext, Classical.choice, Quot.sound]
'BorceaVariance.sigma2_C_mul' depends on axioms: [propext, Classical.choice, Quot.sound]
'BorceaVariance.variance_affinePullback' depends on axioms: [propext, Classical.choice, Quot.sound]
'BorceaVariance.sigma2_affinePullback' depends on axioms: [propext, Classical.choice, Quot.sound]
'BorceaVariance.actual_critical_family_centered' depends on axioms: [propext, Classical.choice, Quot.sound]
'BorceaVariance.actual_critical_family_far' depends on axioms: [propext, Classical.choice, Quot.sound]
'BorceaVariance.normalized_reciprocal_moments' depends on axioms: [propext, Classical.choice, Quot.sound]
'BorceaVariance.normalized_distinguished_pos' depends on axioms: [propext, Classical.choice, Quot.sound]
'BorceaVariance.reciprocal_mul' depends on axioms: [propext, Classical.choice, Quot.sound]
'BorceaVariance.reciprocal_norm_lt_one' depends on axioms: [propext, Classical.choice, Quot.sound]
'BorceaVariance.reciprocal_ne_zero' depends on axioms: [propext, Classical.choice, Quot.sound]
'BorceaVariance.reciprocal_conjugate_formula' depends on axioms: [propext, Classical.choice, Quot.sound]
'BorceaVariance.reciprocal_product_identity' depends on axioms: [propext, Classical.choice, Quot.sound]
'BorceaVariance.sum_beta' depends on axioms: [propext, Classical.choice, Quot.sound]
'BorceaVariance.beta_decomposition' depends on axioms: [propext, Classical.choice, Quot.sound]
'BorceaVariance.beta_nonneg' depends on axioms: [propext, Classical.choice, Quot.sound]
'BorceaVariance.secondMoment_reciprocal_lt_one' depends on axioms: [propext, Classical.choice, Quot.sound]
'BorceaVariance.secondMoment_reciprocal_pos' depends on axioms: [propext, Classical.choice, Quot.sound]
'BorceaVariance.centered_shift_energy' depends on axioms: [propext, Classical.choice, Quot.sound]
'BorceaVariance.reciprocal_weight_sum' depends on axioms: [propext, Classical.choice, Quot.sound]
'BorceaVariance.reciprocal_weighted_energy' depends on axioms: [propext, Classical.choice, Quot.sound]
'BorceaVariance.reciprocal_weighted_identity' depends on axioms: [propext, Classical.choice, Quot.sound]
'BorceaVariance.reciprocal_centered_identity' depends on axioms: [propext, Classical.choice, Quot.sound]
'BorceaVariance.norm_sub_real_sq' depends on axioms: [propext, Classical.choice, Quot.sound]
'BorceaVariance.norm_one_sub_real_mul_sq' depends on axioms: [propext, Classical.choice, Quot.sound]
'BorceaVariance.reciprocal_weighted_cauchy' depends on axioms: [propext, Classical.choice, Quot.sound]
'BorceaVariance.reciprocal_moment_A' depends on axioms: [propext, Classical.choice, Quot.sound]
'BorceaVariance.reciprocal_moment_A_distance' depends on axioms: [propext, Classical.choice, Quot.sound]
'BorceaVariance.reciprocal_moment_B' depends on axioms: [propext, Classical.choice, Quot.sound]
'BorceaVariance.reciprocal_inverse_moment' depends on axioms: [propext, Classical.choice, Quot.sound]
'BorceaVariance.reciprocal_moment_endpoint' depends on axioms: [propext, Classical.choice, Quot.sound]
'BorceaVariance.reciprocal_moments' depends on axioms: [propext, Classical.choice, Quot.sound]
'BorceaVariance.normalized_degree_bound' depends on axioms: [propext, Classical.choice, Quot.sound]
'BorceaVariance.schoenberg_centered_monic' depends on axioms: [propext, Classical.choice, Quot.sound]
'BorceaVariance.schoenberg_centered' depends on axioms: [propext, Classical.choice, Quot.sound]
'BorceaVariance.normalized_critical_energy_bound' depends on axioms: [propext, Classical.choice, Quot.sound]
'BorceaVariance.normalized_critical_secondMoment_bound' depends on axioms: [propext, Classical.choice, Quot.sound]
'BorceaVariance.sharpPolynomial_degree' depends on axioms: [propext, Classical.choice, Quot.sound]
'BorceaVariance.sharpPolynomial_root_norm' depends on axioms: [propext, Classical.choice, Quot.sound]
'BorceaVariance.sharpPolynomial_centroid' depends on axioms: [propext, Classical.choice, Quot.sound]
'BorceaVariance.sharpPolynomial_sigma2' depends on axioms: [propext, Classical.choice, Quot.sound]
'BorceaVariance.sharpPolynomial_critical_iff' depends on axioms: [propext, Classical.choice, Quot.sound]
'BorceaVariance.sharpness_family' depends on axioms: [propext, Classical.choice, Quot.sound]
'BorceaVariance.constant_one_sharp' depends on axioms: [propext, Classical.choice, Quot.sound]
'BorceaVariance.iterated_derivative_leadingCoeff' depends on axioms: [propext, Classical.choice, Quot.sound]
'BorceaVariance.iterated_derivative_root_product' depends on axioms: [propext, Classical.choice, Quot.sound]
'BorceaVariance.polynomial_root_energy_nonneg' depends on axioms: [propext, Classical.choice, Quot.sound]
'BorceaVariance.centered_polynomial_esymm_bound' depends on axioms: [propext, Classical.choice, Quot.sound]
'BorceaVariance.centered_family_esymm_bound' depends on axioms: [propext, Classical.choice, Quot.sound]
'BorceaVariance.centered_coefficients' depends on axioms: [propext, Classical.choice, Quot.sound]
'BorceaVariance.centered_error_coefficient_bound' depends on axioms: [propext, Classical.choice, Quot.sound]
'BorceaVariance.centered_error_integral_coefficient_bound' depends on axioms: [propext, Classical.choice, Quot.sound]
'BorceaVariance.pow_mul_half_rpow' depends on axioms: [propext, Classical.choice, Quot.sound]
'BorceaVariance.coefficient_error_integral_bound' depends on axioms: [propext, Classical.choice, Quot.sound]
'BorceaVariance.tail_coefficient_bound' depends on axioms: [propext, Classical.choice, Quot.sound]
'BorceaVariance.tail_integral_coefficient_bound' depends on axioms: [propext, Classical.choice, Quot.sound]
'BorceaVariance.coefficient_tail_integral_bound' depends on axioms: [propext, Classical.choice, Quot.sound]
'BorceaVariance.center_integral_norm_test' depends on axioms: [propext, Classical.choice, Quot.sound]
'BorceaVariance.coefficient_integral_test' depends on axioms: [propext, Classical.choice, Quot.sound]
'BorceaVariance.normalized_coefficient_integral_test' depends on axioms: [propext, Classical.choice, Quot.sound]
'BorceaVariance.no_normalized_counterexample_cubic' depends on axioms: [propext, Classical.choice, Quot.sound]
'BorceaVariance.cubic_main' depends on axioms: [propext, Classical.choice, Quot.sound]
'BorceaVariance.complex_quadratic_norm_identity' depends on axioms: [propext, Classical.choice, Quot.sound]
'BorceaVariance.choose_signed_critical_point' depends on axioms: [propext, Classical.choice, Quot.sound]
'BorceaVariance.cubic_two_point_bound' depends on axioms: [propext, Classical.choice, Quot.sound]
'BorceaVariance.normalized_root_distances_ne_zero' depends on axioms: [propext, Classical.choice, Quot.sound]
'BorceaVariance.normalized_critical_logderivative' depends on axioms: [propext, Classical.choice, Quot.sound]
'BorceaVariance.normalized_inverse_root_sum' depends on axioms: [propext, Classical.choice, Quot.sound]
'BorceaVariance.normalized_inverse_root_mean' depends on axioms: [propext, Classical.choice, Quot.sound]
'BorceaVariance.complex_natDegree_iterate_derivative' depends on axioms: [propext, Classical.choice, Quot.sound]
'BorceaVariance.iterated_critical_root_sum_zero' depends on axioms: [propext, Classical.choice, Quot.sound]
'BorceaVariance.iterated_schoenberg' depends on axioms: [propext, Classical.choice, Quot.sound]
'BorceaVariance.hasDerivAt_logLossKernel' depends on axioms: [propext, Classical.choice, Quot.sound]
'BorceaVariance.log_loss' depends on axioms: [propext, Classical.choice, Quot.sound]
'BorceaVariance.finite_log_loss' depends on axioms: [propext, Classical.choice, Quot.sound]
'BorceaVariance.finite_product_radial_loss' depends on axioms: [propext, Classical.choice, Quot.sound]
'BorceaVariance.meanPhase_scale' depends on axioms: [propext, Classical.choice, Quot.sound]
'BorceaVariance.mean_phase_integral_bound' depends on axioms: [propext, Classical.choice, Quot.sound]
'BorceaVariance.quadratic_phase_signed_lower' depends on axioms: [propext, Classical.choice, Quot.sound]
'BorceaVariance.signed_coefficient_integral_test' depends on axioms: [propext, Classical.choice, Quot.sound]
'BorceaVariance.normalized_signed_coefficient_test' depends on axioms: [propext, Classical.choice, Quot.sound]
'BorceaVariance.complex_pow_difference_bound' depends on axioms: [propext, Classical.choice, Quot.sound]
'BorceaVariance.unit_cube_difference_bound' depends on axioms: [propext, Classical.choice, Quot.sound]
'BorceaVariance.phase_integrand_bound' depends on axioms: [propext, Classical.choice, Quot.sound]
'BorceaVariance.quadraticKernel_real' depends on axioms: [propext, Classical.choice, Quot.sound]
'BorceaVariance.realQuadraticKernel_nonneg' depends on axioms: [propext, Classical.choice, Quot.sound]
'BorceaVariance.phase_integral_bound' depends on axioms: [propext, Classical.choice, Quot.sound]
'BorceaVariance.elementarySymmetric_zero' depends on axioms: [propext, Classical.choice, Quot.sound]
'BorceaVariance.elementarySymmetric_one' depends on axioms: [propext, Classical.choice, Quot.sound]
'BorceaVariance.elementarySymmetric_mul' depends on axioms: [propext, Classical.choice, Quot.sound]
'BorceaVariance.finite_product_expansion' depends on axioms: [propext, Classical.choice, Quot.sound]
'BorceaVariance.centered_product_expansion' depends on axioms: [propext, Classical.choice, Quot.sound]
'BorceaVariance.origin_centered_product_expansion' depends on axioms: [propext, Classical.choice, Quot.sound]
'BorceaVariance.center_linear_factor_bound' depends on axioms: [propext, Classical.choice, Quot.sound]
'BorceaVariance.quadratic_main' depends on axioms: [propext, Classical.choice, Quot.sound]
'BorceaVariance.elementarySymmetric_two_identity' depends on axioms: [propext, Classical.choice, Quot.sound]
'BorceaVariance.centered_elementarySymmetric_two' depends on axioms: [propext, Classical.choice, Quot.sound]
'BorceaVariance.centered_elementarySymmetric_two_real' depends on axioms: [propext, Classical.choice, Quot.sound]
'BorceaVariance.rotateToMean_centered' depends on axioms: [propext, Classical.choice, Quot.sound]
'BorceaVariance.rotated_centered_energy' depends on axioms: [propext, Classical.choice, Quot.sound]
'BorceaVariance.rotated_quadratic_real' depends on axioms: [propext, Classical.choice, Quot.sound]
'BorceaVariance.meanPhase_norm' depends on axioms: [propext, Classical.choice, Quot.sound]
'BorceaVariance.meanPhase_centered' depends on axioms: [propext, Classical.choice, Quot.sound]
'BorceaVariance.elementarySymmetric_meanPhase' depends on axioms: [propext, Classical.choice, Quot.sound]
'BorceaVariance.centered_quadratic_norm' depends on axioms: [propext, Classical.choice, Quot.sound]
'BorceaVariance.rotated_quadratic_norm' depends on axioms: [propext, Classical.choice, Quot.sound]
'BorceaVariance.real_product_perturbation_lower' depends on axioms: [propext, Classical.choice, Quot.sound]
'BorceaVariance.quadratic_signed_lower' depends on axioms: [propext, Classical.choice, Quot.sound]
'BorceaVariance.centered_error_quadratic_split' depends on axioms: [propext, Classical.choice, Quot.sound]
'BorceaVariance.centered_error_quadratic_integral' depends on axioms: [propext, Classical.choice, Quot.sound]
'BorceaVariance.signed_center_identity' depends on axioms: [propext, Classical.choice, Quot.sound]
'BorceaVariance.signed_integral_norm_test' depends on axioms: [propext, Classical.choice, Quot.sound]
'BorceaVariance.inverse_conjugate_eq_defect_mul_inv' depends on axioms: [propext, Classical.choice, Quot.sound]
'BorceaVariance.reciprocal_inverse_error_norm' depends on axioms: [propext, Classical.choice, Quot.sound]
'BorceaVariance.reciprocal_sq_lower' depends on axioms: [propext, Classical.choice, Quot.sound]
'BorceaVariance.finite_radial_mean_bound' depends on axioms: [propext, Classical.choice, Quot.sound]
'BorceaVariance.finite_radial_variance_bound' depends on axioms: [propext, Classical.choice, Quot.sound]
'BorceaVariance.product_radial_bound' depends on axioms: [propext, Classical.choice, Quot.sound]
'BorceaVariance.product_radial_sqrt_bound' depends on axioms: [propext, Classical.choice, Quot.sound]
'BorceaVariance.product_radial_square_bound' depends on axioms: [propext, Classical.choice, Quot.sound]
'BorceaVariance.reciprocal_radial_covariance' depends on axioms: [propext, Classical.choice, Quot.sound]
'BorceaVariance.reciprocal_radial_variance_lower' depends on axioms: [propext, Classical.choice, Quot.sound]
'BorceaVariance.reciprocal_radial_loss' depends on axioms: [propext, Classical.choice, Quot.sound]
'BorceaVariance.reciprocal_product_amgm' depends on axioms: [propext, Classical.choice, Quot.sound]
'BorceaVariance.rotateToMean_norm' depends on axioms: [propext, Classical.choice, Quot.sound]
'BorceaVariance.rotateToMean_sum' depends on axioms: [propext, Classical.choice, Quot.sound]
'BorceaVariance.finite_real_coordinate_lower' depends on axioms: [propext, Classical.choice, Quot.sound]
'BorceaVariance.finite_real_variance_of_bounds' depends on axioms: [propext, Classical.choice, Quot.sound]
'BorceaVariance.finite_real_variance_bound' depends on axioms: [propext, Classical.choice, Quot.sound]
'BorceaVariance.rotated_real_variance_bound' depends on axioms: [propext, Classical.choice, Quot.sound]
'BorceaVariance.bhatia_davis' depends on axioms: [propext, Classical.choice, Quot.sound]
'BorceaVariance.radialLoss_nonneg' depends on axioms: [propext, Classical.choice, Quot.sound]
'BorceaVariance.reciprocal_norm_product_radial_loss' depends on axioms: [propext, Classical.choice, Quot.sound]
'BorceaVariance.normalized_stable_product' depends on axioms: [propext, Classical.choice, Quot.sound]
'BorceaVariance.real_tao_product' depends on axioms: [propext, Classical.choice, Quot.sound]
'BorceaVariance.inverse_conjugate_norm' depends on axioms: [propext, Classical.choice, Quot.sound]
'BorceaVariance.tao_product' depends on axioms: [propext, Classical.choice, Quot.sound]
