'QuadraticTangZhang.normSq_sub_coordinates' depends on axioms: [propext, Classical.choice, Quot.sound]
'QuadraticTangZhang.sum_normSq_sub' depends on axioms: [propext, Classical.choice, Quot.sound]
'QuadraticTangZhang.variance_identity' depends on axioms: [propext, Classical.choice, Quot.sound]
'QuadraticTangZhang.mean_sq_le_secondMoment' depends on axioms: [propext, Classical.choice, Quot.sound]
'QuadraticTangZhang.secondMoment_nonneg' depends on axioms: [propext, Classical.choice, Quot.sound]
'QuadraticTangZhang.meanRe_bounds' depends on axioms: [propext, Classical.choice, Quot.sound]
'QuadraticTangZhang.sum_centered_re' depends on axioms: [propext, Classical.choice, Quot.sound]
'QuadraticTangZhang.sum_centered_im' depends on axioms: [propext, Classical.choice, Quot.sound]
'QuadraticTangZhang.boundary_secondMoment' depends on axioms: [propext, Classical.choice, Quot.sound]
'QuadraticTangZhang.boundary_rigidity' depends on axioms: [propext, Classical.choice, Quot.sound]
'QuadraticTangZhang.boundary_equality_iff' depends on axioms: [propext, Classical.choice, Quot.sound]
'QuadraticTangZhang.affine_normSq' depends on axioms: [propext, Classical.choice, Quot.sound]
'QuadraticTangZhang.affine_secondMoment' depends on axioms: [propext, Classical.choice, Quot.sound]
'QuadraticTangZhang.criticalReciprocals_card' depends on axioms: [propext, Classical.choice, Quot.sound]
'QuadraticTangZhang.criticalReciprocals_ne_zero' depends on axioms: [propext, Classical.choice, Quot.sound]
'QuadraticTangZhang.criticalReciprocals_factorization' depends on axioms: [propext, Classical.choice, Quot.sound]
'QuadraticTangZhang.reciprocalEnergy_of_ne' depends on axioms: [propext, Classical.choice, Quot.sound]
'QuadraticTangZhang.ofReal_multiset_sum' depends on axioms: [propext, Classical.choice, Quot.sound]
'QuadraticTangZhang.criticalEnergy_eq_ofReal' depends on axioms: [propext, Classical.choice, Quot.sound]
'QuadraticTangZhang.reciprocal_sum_le_of_energy_le' depends on axioms: [propext, Classical.choice, Quot.sound]
'QuadraticTangZhang.multiset_variance_real' depends on axioms: [propext, Classical.choice, Quot.sound]
'QuadraticTangZhang.multiset_mean_sq_le' depends on axioms: [propext, Classical.choice, Quot.sound]
'QuadraticTangZhang.reciprocalEnergy_self' depends on axioms: [propext, Classical.choice, Quot.sound]
'QuadraticTangZhang.reciprocalEnergy_eq_top_iff' depends on axioms: [propext, Classical.choice, Quot.sound]
'QuadraticTangZhang.criticalEnergy_eq_top_of_mem' depends on axioms: [propext, Classical.choice, Quot.sound]
'QuadraticTangZhang.main_at_common_zero' depends on axioms: [propext, Classical.choice, Quot.sound]
'Sendov.prod_cons_eq' depends on axioms: [propext, Classical.choice, Quot.sound]
'Sendov.centroid_identity' depends on axioms: [propext, Classical.choice, Quot.sound]
'Sendov.sumEraseProd_zero' depends on axioms: [propext, Classical.choice, Quot.sound]
'Sendov.sumEraseProd_cons' depends on axioms: [propext, Classical.choice, Quot.sound]
'Sendov.prod_map_neg' depends on axioms: [propext, Classical.choice, Quot.sound]
'Sendov.eval_prod_zero' depends on axioms: [propext, Classical.choice, Quot.sound]
'Sendov.eval_deriv_prod_zero' depends on axioms: [propext, Classical.choice, Quot.sound]
'Sendov.prod_inv_sub_mul' depends on axioms: [propext, Classical.choice, Quot.sound]
'Sendov.second_origin_identity' depends on axioms: [propext, Classical.choice, Quot.sound]
'Sendov.continuous_deriv_seg' depends on axioms: [propext, Classical.choice, Quot.sound]
'Sendov.eval_eq_integral' depends on axioms: [propext, Classical.choice, Quot.sound]
'Sendov.first_origin_identity' depends on axioms: [propext, Classical.choice, Quot.sound]
'Sendov.prod_map_mul_const' depends on axioms: [propext, Classical.choice, Quot.sound]
'Sendov.prod_inv_mul' depends on axioms: [propext, Classical.choice, Quot.sound]
'Sendov.prod_sub_mul_prod' depends on axioms: [propext, Classical.choice, Quot.sound]
'Sendov.polar_identity' depends on axioms: [propext, Classical.choice, Quot.sound]
'Sendov.exists_root_multiset' depends on axioms: [propext, Classical.choice, Quot.sound]
'Sendov.exists_crit_multiset' depends on axioms: [propext, Classical.choice, Quot.sound]
'QuadraticTangZhang.weighted_product_split' depends on axioms: [propext, Classical.choice, Quot.sound]
'QuadraticTangZhang.centered_interpolation_polynomial' depends on axioms: [propext, Classical.choice, Quot.sound]
'QuadraticTangZhang.origin_derivative_polynomial' depends on axioms: [propext, Classical.choice, Quot.sound]
'QuadraticTangZhang.centered_sum_norm_sq' depends on axioms: [propext, Classical.choice, Quot.sound]
'QuadraticTangZhang.centered_remainder_general' depends on axioms: [propext, Classical.choice, Quot.sound]
'QuadraticTangZhang.norm_meanComplex_sq' depends on axioms: [propext, Classical.choice, Quot.sound]
'QuadraticTangZhang.sum_sub_meanComplex' depends on axioms: [propext, Classical.choice, Quot.sound]
'QuadraticTangZhang.centered_variance_sum' depends on axioms: [propext, Classical.choice, Quot.sound]
'QuadraticTangZhang.norm_meanComplex_le_one' depends on axioms: [propext, Classical.choice, Quot.sound]
'QuadraticTangZhang.one_sub_meanComplex_ne_zero' depends on axioms: [propext, Classical.choice, Quot.sound]
'QuadraticTangZhang.sum_origin_norm_sq' depends on axioms: [propext, Classical.choice, Quot.sound]
'QuadraticTangZhang.centered_remainder_estimate' depends on axioms: [propext, Classical.choice, Quot.sound]
'QuadraticTangZhang.prod_norm_sq_le_mean' depends on axioms: [propext, Classical.choice, Quot.sound]
'QuadraticTangZhang.norm_prod_le_moment' depends on axioms: [propext, Classical.choice, Quot.sound]
'QuadraticTangZhang.deleted_amgm_coefficient' depends on axioms: [propext, Classical.choice, Quot.sound]
'QuadraticTangZhang.norm_deleted_prod_le' depends on axioms: [propext, Classical.choice, Quot.sound]
'QuadraticTangZhang.exp_one_bounds' depends on axioms: [propext, Classical.choice, Quot.sound]
'QuadraticTangZhang.sqrt_exp_one_lt' depends on axioms: [propext, Classical.choice, Quot.sound]
'QuadraticTangZhang.log_million_bounds' depends on axioms: [propext, Classical.choice, Quot.sound]
'QuadraticTangZhang.log_three_eighths_million' depends on axioms: [propext, Classical.choice, Quot.sound]
'QuadraticTangZhang.log_fifty_thousand' depends on axioms: [propext, Classical.choice, Quot.sound]
'QuadraticTangZhang.near_coefficient_base' depends on axioms: [propext, Classical.choice, Quot.sound]
'QuadraticTangZhang.decreasing_coefficient_base' depends on axioms: [propext, Classical.choice, Quot.sound]
'QuadraticTangZhang.near_endpoint_coefficient_base' depends on axioms: [propext, Classical.choice, Quot.sound]
'QuadraticTangZhang.near_total_base' depends on axioms: [propext, Classical.choice, Quot.sound]
'QuadraticTangZhang.near_exponent_base' depends on axioms: [propext, Classical.choice, Quot.sound]
'QuadraticTangZhang.polar_log_exponent_base' depends on axioms: [propext, Classical.choice, Quot.sound]
'QuadraticTangZhang.small_alpha_base' depends on axioms: [propext, Classical.choice, Quot.sound]
'QuadraticTangZhang.large_alpha_base' depends on axioms: [propext, Classical.choice, Quot.sound]
'QuadraticTangZhang.sigma_base' depends on axioms: [propext, Classical.choice, Quot.sound]
'QuadraticTangZhang.degree_correction_base' depends on axioms: [propext, Classical.choice, Quot.sound]
'QuadraticTangZhang.small_a_power_base' depends on axioms: [propext, Classical.choice, Quot.sound]
'QuadraticTangZhang.small_a_increasing_coefficient' depends on axioms: [propext, Classical.choice, Quot.sound]
'QuadraticTangZhang.small_a_decreasing_coefficient' depends on axioms: [propext, Classical.choice, Quot.sound]
'QuadraticTangZhang.small_a_total' depends on axioms: [propext, Classical.choice, Quot.sound]
'QuadraticTangZhang.cube_root_base' depends on axioms: [propext, Classical.choice, Quot.sound]
'QuadraticTangZhang.large_a_correction_base' depends on axioms: [propext, Classical.choice, Quot.sound]
'QuadraticTangZhang.large_a_increasing_coefficient' depends on axioms: [propext, Classical.choice, Quot.sound]
'QuadraticTangZhang.large_a_total' depends on axioms: [propext, Classical.choice, Quot.sound]
'QuadraticTangZhang.boundary_gap_base' depends on axioms: [propext, Classical.choice, Quot.sound]
'Sendov.amgm_step' depends on axioms: [propext, Classical.choice, Quot.sound]
'Sendov.maclaurin_step' depends on axioms: [propext, Classical.choice, Quot.sound]
'Sendov.Multiset.prod_le_mean_pow' depends on axioms: [propext, Classical.choice, Quot.sound]
'Sendov.esymm_card_cons' depends on axioms: [propext, Classical.choice, Quot.sound]
'Sendov.Multiset.esymm_card_pred_le' depends on axioms: [propext, Classical.choice, Quot.sound]
'QuadraticTangZhang.beta_decomposition' depends on axioms: [propext, Classical.choice, Quot.sound]
'QuadraticTangZhang.betaS_le_beta' depends on axioms: [propext, Classical.choice, Quot.sound]
'QuadraticTangZhang.beta_one_pos' depends on axioms: [propext, Classical.choice, Quot.sound]
'QuadraticTangZhang.x_gt_half_of_beta_lt_one' depends on axioms: [propext, Classical.choice, Quot.sound]
'QuadraticTangZhang.rho_identity' depends on axioms: [propext, Classical.choice, Quot.sound]
'QuadraticTangZhang.rho_le_gap' depends on axioms: [propext, Classical.choice, Quot.sound]
'QuadraticTangZhang.rho_le_sq' depends on axioms: [propext, Classical.choice, Quot.sound]
'QuadraticTangZhang.betaS_endpoint' depends on axioms: [propext, Classical.choice, Quot.sound]
'QuadraticTangZhang.betaS_endpoint_le' depends on axioms: [propext, Classical.choice, Quot.sound]
'QuadraticTangZhang.polar_chord_gap' depends on axioms: [propext, Classical.choice, Quot.sound]
'QuadraticTangZhang.polar_le_chord' depends on axioms: [propext, Classical.choice, Quot.sound]
'QuadraticTangZhang.cubic_le_a' depends on axioms: [propext, Classical.choice, Quot.sound]
'QuadraticTangZhang.cubic_discriminant_identity' depends on axioms: [propext, Classical.choice, Quot.sound]
'QuadraticTangZhang.cubic_discriminant_nonneg' depends on axioms: [propext, Classical.choice, Quot.sound]
'QuadraticTangZhang.exclude_center_cubic' depends on axioms: [propext, Classical.choice, Quot.sound]
'QuadraticTangZhang.exclude_center_monotone' depends on axioms: [propext, Classical.choice, Quot.sound]
'QuadraticTangZhang.boundary_margin' depends on axioms: [propext, Classical.choice, Quot.sound]
'QuadraticTangZhang.exclude_center_boundary' depends on axioms: [propext, Classical.choice, Quot.sound]
'QuadraticTangZhang.exclude_direct' depends on axioms: [propext, Classical.choice, Quot.sound]
'QuadraticTangZhang.small_degree_factor_pos' depends on axioms: [propext, Classical.choice, Quot.sound]
'QuadraticTangZhang.small_degree_deficit_pos' depends on axioms: [propext, Classical.choice, Quot.sound]
'QuadraticTangZhang.boxEnvelope_nonneg' depends on axioms: [propext, Classical.choice, Quot.sound]
'QuadraticTangZhang.boxEnvelope_le_one' depends on axioms: [propext, Classical.choice, Quot.sound]
'QuadraticTangZhang.boxEnvelope_convex' depends on axioms: [propext, Classical.choice, Quot.sound]
'QuadraticTangZhang.boxEnvelope_rpow_convex' depends on axioms: [propext, Classical.choice, Quot.sound]
'QuadraticTangZhang.weighted_sq_div' depends on axioms: [propext, Classical.choice, Quot.sound]
'QuadraticTangZhang.convexOn_sq_div_affine' depends on axioms: [propext, Classical.choice, Quot.sound]
'QuadraticTangZhang.boxEnvelope_rpow_div_convex' depends on axioms: [propext, Classical.choice, Quot.sound]
'QuadraticTangZhang.convex_chord_bound' depends on axioms: [propext, Classical.choice, Quot.sound]
'QuadraticTangZhang.weighted_chord_integral' depends on axioms: [propext, Classical.choice, Quot.sound]
'QuadraticTangZhang.weighted_convex_integral_le_chord' depends on axioms: [propext, Classical.choice, Quot.sound]
'QuadraticTangZhang.convex_quadrature_weight_one' depends on axioms: [propext, Classical.choice, Quot.sound]
'QuadraticTangZhang.convex_quadrature_weight_two' depends on axioms: [propext, Classical.choice, Quot.sound]
'QuadraticTangZhang.degree_term_mono' depends on axioms: [propext, Classical.choice, Quot.sound]
'QuadraticTangZhang.abstract_rectangle_exclusion' depends on axioms: [propext, Classical.choice, Quot.sound]
'QuadraticTangZhang.abstract_rectangle_exclusion_basic' depends on axioms: [propext, Classical.choice, Quot.sound]
'QuadraticTangZhang.sum_eq_card_mul_mean' depends on axioms: [propext, Classical.choice, Quot.sound]
'QuadraticTangZhang.differential_origin_identity' depends on axioms: [propext, Classical.choice, Quot.sound]
'QuadraticTangZhang.originProduct_norm_le_beta' depends on axioms: [propext, Classical.choice, Quot.sound]
'QuadraticTangZhang.originErrorSum_norm_bound' depends on axioms: [propext, Classical.choice, Quot.sound]
'QuadraticTangZhang.originRemainder_norm_bound' depends on axioms: [propext, Classical.choice, Quot.sound]
'QuadraticTangZhang.direct_scalar_inequality' depends on axioms: [propext, Classical.choice, Quot.sound]
'QuadraticTangZhang.origin_gap_pos' depends on axioms: [propext, Classical.choice, Quot.sound]
'QuadraticTangZhang.beta_pos_on_unit' depends on axioms: [propext, Classical.choice, Quot.sound]
'QuadraticTangZhang.centerFactor_norm_lower' depends on axioms: [propext, Classical.choice, Quot.sound]
'QuadraticTangZhang.centerIntegral_integrable' depends on axioms: [propext, Classical.choice, Quot.sound]
'QuadraticTangZhang.centerIntegral_nonneg' depends on axioms: [propext, Classical.choice, Quot.sound]
'QuadraticTangZhang.centerCoefficient_nonneg' depends on axioms: [propext, Classical.choice, Quot.sound]
'QuadraticTangZhang.centerFactor_integral' depends on axioms: [propext, Classical.choice, Quot.sound]
'QuadraticTangZhang.centered_integral_remainder' depends on axioms: [propext, Classical.choice, Quot.sound]
'QuadraticTangZhang.norm_centerFactor_sq_le_beta' depends on axioms: [propext, Classical.choice, Quot.sound]
'QuadraticTangZhang.norm_pow_le_rpow_of_sq_le' depends on axioms: [propext, Classical.choice, Quot.sound]
'QuadraticTangZhang.centered_scalar_inequality' depends on axioms: [propext, Classical.choice, Quot.sound]
'QuadraticTangZhang.segment_quadrature_one' depends on axioms: [propext, Classical.choice, Quot.sound]
'QuadraticTangZhang.segment_quadrature_two' depends on axioms: [propext, Classical.choice, Quot.sound]
'QuadraticTangZhang.finite_quadrature_one_sound' depends on axioms: [propext, Classical.choice, Quot.sound]
'QuadraticTangZhang.finite_quadrature_two_sound' depends on axioms: [propext, Classical.choice, Quot.sound]
'QuadraticTangZhang.roundDown_nonneg' depends on axioms: [propext, Classical.choice, Quot.sound]
'QuadraticTangZhang.roundUp_nonneg' depends on axioms: [propext, Classical.choice, Quot.sound]
'QuadraticTangZhang.roundDown_le' depends on axioms: [propext, Classical.choice, Quot.sound]
'QuadraticTangZhang.le_roundUp' depends on axioms: [propext, Classical.choice, Quot.sound]
'QuadraticTangZhang.roundDown_cast_le' depends on axioms: [propext, Classical.choice, Quot.sound]
'QuadraticTangZhang.cast_le_roundUp' depends on axioms: [propext, Classical.choice, Quot.sound]
'QuadraticTangZhang.roundedPowLower_sound' depends on axioms: [propext, Classical.choice, Quot.sound]
'QuadraticTangZhang.roundedPowUpper_sound' depends on axioms: [propext, Classical.choice, Quot.sound]
'QuadraticTangZhang.roundedSqrtLower_nonneg' depends on axioms: [propext, Classical.choice, Quot.sound]
'QuadraticTangZhang.roundedSqrtUpper_nonneg' depends on axioms: [propext, Classical.choice, Quot.sound]
'QuadraticTangZhang.roundedSqrtLower_sq' depends on axioms: [propext, Classical.choice, Quot.sound]
'QuadraticTangZhang.le_roundedSqrtUpper_sq' depends on axioms: [propext, Classical.choice, Quot.sound]
'QuadraticTangZhang.roundedSqrt_sound' depends on axioms: [propext, Classical.choice, Quot.sound]
'QuadraticTangZhang.rpow_half_nat_even' depends on axioms: [propext, Classical.choice, Quot.sound]
'QuadraticTangZhang.rpow_half_nat_odd' depends on axioms: [propext, Classical.choice, Quot.sound]
'QuadraticTangZhang.halfPower_sound' depends on axioms: [propext, Classical.choice, Quot.sound]
'QuadraticTangZhang.integral_t_exp_neg_le' depends on axioms: [propext, Classical.choice, Quot.sound]
'QuadraticTangZhang.integral_sq_exp_neg_le' depends on axioms: [propext, Classical.choice, Quot.sound]
'QuadraticTangZhang.rpow_le_exp_gap' depends on axioms: [propext, Classical.choice, Quot.sound]
'QuadraticTangZhang.beta_power_split_bound' depends on axioms: [propext, Classical.choice, Quot.sound]
'QuadraticTangZhang.direct_integral_split_bound' depends on axioms: [propext, Classical.choice, Quot.sound]
'QuadraticTangZhang.affine_denominator_pos' depends on axioms: [propext, Classical.choice, Quot.sound]
'QuadraticTangZhang.envelope_quotient_continuous' depends on axioms: [propext, Classical.choice, Quot.sound]
'QuadraticTangZhang.uniform_integral_bounds' depends on axioms: [propext, Classical.choice, Quot.sound]
'QuadraticTangZhang.uniform_coefficient_bounds' depends on axioms: [propext, Classical.choice, Quot.sound]
'QuadraticTangZhang.uniform_endpoint_bound' depends on axioms: [propext, Classical.choice, Quot.sound]
'QuadraticTangZhang.beta_gap_form' depends on axioms: [propext, Classical.choice, Quot.sound]
'QuadraticTangZhang.denominator_gap_form' depends on axioms: [propext, Classical.choice, Quot.sound]
'QuadraticTangZhang.rpow_div_mono_pair' depends on axioms: [propext, Classical.choice, Quot.sound]
'QuadraticTangZhang.beta_quotient_gap_mono' depends on axioms: [propext, Classical.choice, Quot.sound]
'QuadraticTangZhang.rectangle_envelope_power_bound' depends on axioms: [propext, Classical.choice, Quot.sound]
'QuadraticTangZhang.rectangle_envelope_quotient_bound' depends on axioms: [propext, Classical.choice, Quot.sound]
'QuadraticTangZhang.polar_le_linear' depends on axioms: [propext, Classical.choice, Quot.sound]
'QuadraticTangZhang.polar_exponential' depends on axioms: [propext, Classical.choice, Quot.sound]
'QuadraticTangZhang.beta_rational_bound' depends on axioms: [propext, Classical.choice, Quot.sound]
'QuadraticTangZhang.beta_log_bound' depends on axioms: [propext, Classical.choice, Quot.sound]
'QuadraticTangZhang.prod_norm_le_exact_moment' depends on axioms: [propext, Classical.choice, Quot.sound]
'QuadraticTangZhang.exact_polar_inequality' depends on axioms: [propext, Classical.choice, Quot.sound]
'QuadraticTangZhang.polarQuadratic_nonneg' depends on axioms: [propext, Classical.choice, Quot.sound]
'QuadraticTangZhang.polarQuadratic_le_square' depends on axioms: [propext, Classical.choice, Quot.sound]
'QuadraticTangZhang.small_degree_polar_contradiction' depends on axioms: [propext, Classical.choice, Quot.sound]
'Sendov.norm_sub_le_norm_one_sub_mul' depends on axioms: [propext, Classical.choice, Quot.sound]
'Sendov.norm_multiset_prod' depends on axioms: [propext, Classical.choice, Quot.sound]
'Sendov.prod_map_le_of_le' depends on axioms: [propext, Classical.choice, Quot.sound]
'Sendov.norm_prod_map' depends on axioms: [propext, Classical.choice, Quot.sound]
'Sendov.prod_map_norm_nonneg' depends on axioms: [propext, Classical.choice, Quot.sound]
'Sendov.one_le_integral_prod_norm' depends on axioms: [propext, Classical.choice, Quot.sound]
'Sendov.norm_sq_add_real_mul' depends on axioms: [propext, Classical.choice, Quot.sound]
'Sendov.prod_map_sq' depends on axioms: [propext, Classical.choice, Quot.sound]
'Sendov.sum_norm_sq_split' depends on axioms: [propext, Classical.choice, Quot.sound]
'Sendov.sum_norm_sq_le_card' depends on axioms: [propext, Classical.choice, Quot.sound]
'Sendov.continuous_prod_norm' depends on axioms: [propext, Classical.choice, Quot.sound]
'QuadraticTangZhang.smallIntegral_mul' depends on axioms: [propext, Classical.choice, Quot.sound]
'QuadraticTangZhang.smallIntegral_one' depends on axioms: [propext, Classical.choice, Quot.sound]
'QuadraticTangZhang.smallIntegral_two' depends on axioms: [propext, Classical.choice, Quot.sound]
'QuadraticTangZhang.smallIntegral_three' depends on axioms: [propext, Classical.choice, Quot.sound]
'QuadraticTangZhang.smallIntegral_four' depends on axioms: [propext, Classical.choice, Quot.sound]
'QuadraticTangZhang.smallIntegral_lt_one' depends on axioms: [propext, Classical.choice, Quot.sound]
'Sendov.integral_exp_mul' depends on axioms: [propext, Classical.choice, Quot.sound]
'Sendov.integral_exp_eq' depends on axioms: [propext, Classical.choice, Quot.sound]
'Sendov.integral_exp_eq'' depends on axioms: [propext, Classical.choice, Quot.sound]
'Sendov.beta_lt_two' depends on axioms: [propext, Classical.choice, Quot.sound]
'Sendov.beta_le' depends on axioms: [propext, Classical.choice, Quot.sound]
'Sendov.log_le_alpha_mul' depends on axioms: [propext, Classical.choice, Quot.sound]
'Sendov.sinh_sq_le' depends on axioms: [propext, Classical.choice, Quot.sound]
'Sendov.sqrt_mul_sub_le' depends on axioms: [propext, Classical.choice, Quot.sound]
'Sendov.log_sinh_div_le' depends on axioms: [propext, Classical.choice, Quot.sound]
'Sendov.sinh_le_mul_exp' depends on axioms: [propext, Classical.choice, Quot.sound]
'QuadraticTangZhang.rho_pos_of_polar' depends on axioms: [propext, Classical.choice, Quot.sound]
'QuadraticTangZhang.chord_polar_bound' depends on axioms: [propext, Classical.choice, Quot.sound]
'QuadraticTangZhang.rho_log_lower_bound' depends on axioms: [propext, Classical.choice, Quot.sound]
